2026-06-08 21:06:37 | DEBUG    | CIA-Guardian | GuardianEngine initialized
2026-06-08 21:06:37 | DEBUG    | CIA-Guardian | Executing CMD: net session 2>&1
2026-06-08 21:06:37 | [33mWARNING[0m | CIA-Guardian | Access Denied for command: net session 2>&1
2026-06-08 21:06:37 | DEBUG    | CIA-Guardian | Executing CMD: ver
2026-06-08 21:06:37 | DEBUG    | CIA-Guardian | Executing CMD: net session 2>&1
2026-06-08 21:06:37 | [33mWARNING[0m | CIA-Guardian | Access Denied for command: net session 2>&1
2026-06-08 21:06:37 | DEBUG    | CIA-Guardian | Executing CMD: ver
2026-06-08 21:06:37 | [32mINFO[0m | CIA-Guardian | Hostname: DESKTOP-BUCUD55
2026-06-08 21:06:37 | [32mINFO[0m | CIA-Guardian | OS: Windows 10.0.22631
2026-06-08 21:06:37 | [32mINFO[0m | CIA-Guardian | User: DESKTOP-BUCUD55\Razmy
2026-06-08 21:06:37 | [32mINFO[0m | CIA-Guardian | Administrator: No
2026-06-08 21:06:37 | [33mWARNING[0m | CIA-Guardian | [33m[!][0m Running without administrator privileges - some checks may fail
2026-06-08 21:06:37 | [32mINFO[0m | CIA-Guardian | Skipping SFC scan (INTG-05) as requested
2026-06-08 21:06:37 | [32mINFO[0m | CIA-Guardian | [34m[*][0m Mode: DRY RUN (Audit Only)
2026-06-08 21:06:37 | [32mINFO[0m | CIA-Guardian | Controls to audit: 99
2026-06-08 21:06:37 | [32mINFO[0m | CIA-Guardian | Execution: sequential
2026-06-08 21:06:37 | [32mINFO[0m | CIA-Guardian | [CONF-01] Starting audit: BitLocker Encryption
2026-06-08 21:06:37 | DEBUG    | CIA-Guardian | Executing CMD: manage-bde -status C:
2026-06-08 21:06:42 | [31mERROR[0m | CIA-Guardian | [CONF-01] Audit failed: 
2026-06-08 21:06:42 | [32mINFO[0m | CIA-Guardian | [CONF-01] BitLocker Encryption: Error - Failed to query BitLocker status
2026-06-08 21:06:42 | [32mINFO[0m | CIA-Guardian | [CONF-02] Starting audit: SMB1 Protocol Disabled
2026-06-08 21:06:42 | DEBUG    | CIA-Guardian | Executing PowerShell: Get-WindowsOptionalFeature -Online -FeatureName SMB1Protocol | Select-Object -ExpandProperty State
2026-06-08 21:06:42 | [32mINFO[0m | CIA-Guardian | pwsh not found, falling back to powershell
2026-06-08 21:06:42 | DEBUG    | CIA-Guardian | Executing PowerShell: Get-WindowsOptionalFeature -Online -FeatureName SMB1Protocol | Select-Object -ExpandProperty State
2026-06-08 21:06:46 | DEBUG    | CIA-Guardian | Executing PowerShell: Get-SmbServerConfiguration | Select-Object -ExpandProperty EnableSMB1Protocol
2026-06-08 21:06:46 | [32mINFO[0m | CIA-Guardian | pwsh not found, falling back to powershell
2026-06-08 21:06:46 | DEBUG    | CIA-Guardian | Executing PowerShell: Get-SmbServerConfiguration | Select-Object -ExpandProperty EnableSMB1Protocol
2026-06-08 21:06:50 | [32mINFO[0m | CIA-Guardian | [CONF-02] Already compliant
2026-06-08 21:06:50 | [32mINFO[0m | CIA-Guardian | [CONF-02] SMB1 Protocol Disabled: Compliant - SMB1 Protocol is disabled (Server config)
2026-06-08 21:06:50 | [32mINFO[0m | CIA-Guardian | [CONF-03] Starting audit: Administrative Shares Disabled
2026-06-08 21:06:50 | DEBUG    | CIA-Guardian | Executing CMD: net share
2026-06-08 21:06:50 | [32mINFO[0m | CIA-Guardian | [CONF-03] Dry run - skipping remediation
2026-06-08 21:06:50 | [32mINFO[0m | CIA-Guardian | [CONF-03] Administrative Shares Disabled: Non-Compliant - Administrative shares found: C$, ADMIN$, D$
2026-06-08 21:06:50 | [32mINFO[0m | CIA-Guardian | [CONF-04] Starting audit: SMB Signing Required
2026-06-08 21:06:50 | DEBUG    | CIA-Guardian | Executing CMD: reg query "HKLM\SYSTEM\CurrentControlSet\Services\LanmanServer\Parameters" /v "RequireSecuritySignature"
2026-06-08 21:06:50 | [32mINFO[0m | CIA-Guardian | [CONF-04] Dry run - skipping remediation
2026-06-08 21:06:50 | [32mINFO[0m | CIA-Guardian | [CONF-04] SMB Signing Required: Non-Compliant - RequireSecuritySignature=0
2026-06-08 21:06:50 | [32mINFO[0m | CIA-Guardian | [CONF-05] Starting audit: Guest Account Disabled
2026-06-08 21:06:50 | DEBUG    | CIA-Guardian | Executing PowerShell: (Get-LocalUser -Name "Guest" -ErrorAction SilentlyContinue).Enabled
2026-06-08 21:06:50 | [32mINFO[0m | CIA-Guardian | pwsh not found, falling back to powershell
2026-06-08 21:06:50 | DEBUG    | CIA-Guardian | Executing PowerShell: (Get-LocalUser -Name "Guest" -ErrorAction SilentlyContinue).Enabled
2026-06-08 21:06:53 | [32mINFO[0m | CIA-Guardian | [CONF-05] Already compliant
2026-06-08 21:06:53 | [32mINFO[0m | CIA-Guardian | [CONF-05] Guest Account Disabled: Compliant - Guest account is DISABLED
2026-06-08 21:06:53 | [32mINFO[0m | CIA-Guardian | [CONF-06] Starting audit: RDP Network Level Authentication
2026-06-08 21:06:53 | DEBUG    | CIA-Guardian | Executing CMD: reg query "HKLM\SYSTEM\CurrentControlSet\Control\Terminal Server\WinStations\RDP-Tcp" /v "UserAuthentication"
2026-06-08 21:06:53 | [32mINFO[0m | CIA-Guardian | [CONF-06] Already compliant
2026-06-08 21:06:53 | [32mINFO[0m | CIA-Guardian | [CONF-06] RDP Network Level Authentication: Compliant - UserAuthentication = 1
2026-06-08 21:06:53 | [32mINFO[0m | CIA-Guardian | [CONF-07] Starting audit: Remote Registry Disabled
2026-06-08 21:06:53 | DEBUG    | CIA-Guardian | Executing CMD: sc query RemoteRegistry
2026-06-08 21:06:53 | [32mINFO[0m | CIA-Guardian | [CONF-07] Already compliant
2026-06-08 21:06:53 | [32mINFO[0m | CIA-Guardian | [CONF-07] Remote Registry Disabled: Compliant - Service 'RemoteRegistry' is Stopped
2026-06-08 21:06:53 | [32mINFO[0m | CIA-Guardian | [CONF-08] Starting audit: AutoPlay Disabled
2026-06-08 21:06:53 | DEBUG    | CIA-Guardian | Executing CMD: reg query "HKLM\SOFTWARE\Microsoft\Windows\CurrentVersion\Policies\Explorer" /v "NoDriveTypeAutoRun"
2026-06-08 21:06:53 | [32mINFO[0m | CIA-Guardian | [CONF-08] Dry run - skipping remediation
2026-06-08 21:06:53 | [32mINFO[0m | CIA-Guardian | [CONF-08] AutoPlay Disabled: Non-Compliant - Registry value 'NoDriveTypeAutoRun' not found
2026-06-08 21:06:53 | [32mINFO[0m | CIA-Guardian | [CONF-09] Starting audit: Anonymous Enumeration Disabled
2026-06-08 21:06:53 | DEBUG    | CIA-Guardian | Executing CMD: reg query "HKLM\SYSTEM\CurrentControlSet\Control\Lsa" /v "RestrictAnonymous"
2026-06-08 21:06:53 | [32mINFO[0m | CIA-Guardian | [CONF-09] Dry run - skipping remediation
2026-06-08 21:06:53 | [32mINFO[0m | CIA-Guardian | [CONF-09] Anonymous Enumeration Disabled: Non-Compliant - RestrictAnonymous = 0
2026-06-08 21:06:53 | [32mINFO[0m | CIA-Guardian | [CONF-10] Starting audit: NTLM Restriction
2026-06-08 21:06:53 | DEBUG    | CIA-Guardian | Executing CMD: reg query "HKLM\SYSTEM\CurrentControlSet\Control\Lsa" /v "LMCompatibilityLevel"
2026-06-08 21:06:53 | [32mINFO[0m | CIA-Guardian | [CONF-10] Dry run - skipping remediation
2026-06-08 21:06:53 | [32mINFO[0m | CIA-Guardian | [CONF-10] NTLM Restriction: Non-Compliant - Registry value 'LMCompatibilityLevel' not found
2026-06-08 21:06:53 | [32mINFO[0m | CIA-Guardian | [CONF-11] Starting audit: WDigest Disabled
2026-06-08 21:06:53 | DEBUG    | CIA-Guardian | Executing CMD: reg query "HKLM\SYSTEM\CurrentControlSet\Control\SecurityProviders\WDigest" /v "UseLogonCredential"
2026-06-08 21:06:53 | [32mINFO[0m | CIA-Guardian | [CONF-11] Dry run - skipping remediation
2026-06-08 21:06:53 | [32mINFO[0m | CIA-Guardian | [CONF-11] WDigest Disabled: Non-Compliant - Registry value 'UseLogonCredential' not found
2026-06-08 21:06:53 | [32mINFO[0m | CIA-Guardian | [CONF-12] Starting audit: Cached Credentials Limited
2026-06-08 21:06:53 | DEBUG    | CIA-Guardian | Executing CMD: reg query "HKLM\SOFTWARE\Microsoft\Windows NT\CurrentVersion\Winlogon" /v "CachedLogonsCount"
2026-06-08 21:06:53 | [32mINFO[0m | CIA-Guardian | [CONF-12] Dry run - skipping remediation
2026-06-08 21:06:53 | [32mINFO[0m | CIA-Guardian | [CONF-12] Cached Credentials Limited: Non-Compliant - CachedLogonsCount = 10
2026-06-08 21:06:53 | [32mINFO[0m | CIA-Guardian | [CONF-13] Starting audit: LAN Manager Hash Disabled
2026-06-08 21:06:53 | DEBUG    | CIA-Guardian | Executing CMD: reg query "HKLM\SYSTEM\CurrentControlSet\Control\Lsa" /v "NoLMHash"
2026-06-08 21:06:53 | [32mINFO[0m | CIA-Guardian | [CONF-13] Already compliant
2026-06-08 21:06:53 | [32mINFO[0m | CIA-Guardian | [CONF-13] LAN Manager Hash Disabled: Compliant - NoLMHash = 1
2026-06-08 21:06:53 | [32mINFO[0m | CIA-Guardian | [CONF-14] Starting audit: Anonymous SAM Access Disabled
2026-06-08 21:06:53 | DEBUG    | CIA-Guardian | Executing CMD: reg query "HKLM\SYSTEM\CurrentControlSet\Control\Lsa" /v "RestrictAnonymousSAM"
2026-06-08 21:06:54 | [32mINFO[0m | CIA-Guardian | [CONF-14] Already compliant
2026-06-08 21:06:54 | [32mINFO[0m | CIA-Guardian | [CONF-14] Anonymous SAM Access Disabled: Compliant - RestrictAnonymousSAM = 1
2026-06-08 21:06:54 | [32mINFO[0m | CIA-Guardian | [CONF-15] Starting audit: Null Session Pipes Empty
2026-06-08 21:06:54 | DEBUG    | CIA-Guardian | Executing CMD: reg query "HKLM\SYSTEM\CurrentControlSet\Services\LanmanServer\Parameters" /v "NullSessionPipes"
2026-06-08 21:06:54 | [32mINFO[0m | CIA-Guardian | [CONF-15] Dry run - skipping remediation
2026-06-08 21:06:54 | [32mINFO[0m | CIA-Guardian | [CONF-15] Null Session Pipes Empty: Non-Compliant - NullSessionPipes contains: HKEY_LOCAL_MACHINE\SYSTEM\CurrentControlSet\Services\LanmanServer\Parameters
2026-06-08 21:06:54 | [32mINFO[0m | CIA-Guardian | [CONF-16] Starting audit: Printer Driver Installation Restricted
2026-06-08 21:06:54 | DEBUG    | CIA-Guardian | Executing CMD: reg query "HKLM\SYSTEM\CurrentControlSet\Control\Print\Providers\LanMan Print Services\Servers" /v "AddPrinterDrivers"
2026-06-08 21:06:54 | [32mINFO[0m | CIA-Guardian | [CONF-16] Dry run - skipping remediation
2026-06-08 21:06:54 | [32mINFO[0m | CIA-Guardian | [CONF-16] Printer Driver Installation Restricted: Non-Compliant - AddPrinterDrivers = 0
2026-06-08 21:06:54 | [32mINFO[0m | CIA-Guardian | [CONF-17] Starting audit: Always Install Elevated Disabled
2026-06-08 21:06:54 | DEBUG    | CIA-Guardian | Executing CMD: reg query "HKLM\SOFTWARE\Policies\Microsoft\Windows\Installer" /v "AlwaysInstallElevated"
2026-06-08 21:06:54 | DEBUG    | CIA-Guardian | Executing CMD: reg query "HKCU\SOFTWARE\Policies\Microsoft\Windows\Installer" /v "AlwaysInstallElevated"
2026-06-08 21:06:54 | [32mINFO[0m | CIA-Guardian | [CONF-17] Already compliant
2026-06-08 21:06:54 | [32mINFO[0m | CIA-Guardian | [CONF-17] Always Install Elevated Disabled: Compliant - AlwaysInstallElevated is DISABLED or not configured
2026-06-08 21:06:54 | [32mINFO[0m | CIA-Guardian | [CONF-18] Starting audit: Telemetry Level Restricted
2026-06-08 21:06:54 | DEBUG    | CIA-Guardian | Executing CMD: reg query "HKLM\SOFTWARE\Policies\Microsoft\Windows\DataCollection" /v "AllowTelemetry"
2026-06-08 21:06:54 | [32mINFO[0m | CIA-Guardian | [CONF-18] Dry run - skipping remediation
2026-06-08 21:06:54 | [32mINFO[0m | CIA-Guardian | [CONF-18] Telemetry Level Restricted: Non-Compliant - Registry value 'AllowTelemetry' not found
2026-06-08 21:06:54 | [32mINFO[0m | CIA-Guardian | [CONF-19] Starting audit: Windows Hello for Business
2026-06-08 21:06:54 | DEBUG    | CIA-Guardian | Executing PowerShell: try { $tpm = Get-Tpm -ErrorAction Stop; Write-Output "TPM_PRESENT=$($tpm.TpmPresent)"; Write-Output "TPM_READY=$($tpm.TpmReady)"; Write-Output "TPM_ENABLED=$($tpm.TpmEnabled)" } catch { Write-Output "TPM_ERROR: $_" }
2026-06-08 21:06:54 | [32mINFO[0m | CIA-Guardian | pwsh not found, falling back to powershell
2026-06-08 21:06:54 | DEBUG    | CIA-Guardian | Executing PowerShell: try { $tpm = Get-Tpm -ErrorAction Stop; Write-Output "TPM_PRESENT=$($tpm.TpmPresent)"; Write-Output "TPM_READY=$($tpm.TpmReady)"; Write-Output "TPM_ENABLED=$($tpm.TpmEnabled)" } catch { Write-Output "TPM_ERROR: $_" }
2026-06-08 21:06:57 | DEBUG    | CIA-Guardian | Executing CMD: reg query "HKLM\SOFTWARE\Policies\Microsoft\PassportForWork" /v "Enabled"
2026-06-08 21:06:57 | DEBUG    | CIA-Guardian | Executing PowerShell: $ngcPath = "$env:SystemDrive\Windows\ServiceProfiles\LocalService\AppData\Local\Microsoft\Ngc"; if (Test-Path $ngcPath) { $items = Get-ChildItem $ngcPath -Recurse -ErrorAction SilentlyContinue; if ($items.Count -gt 0) { Write-Output "HELLO_ENROLLED" } else { Write-Output "HELLO_NOT_ENROLLED" } } else { Write-Output "HELLO_NOT_ENROLLED" }
2026-06-08 21:06:57 | [32mINFO[0m | CIA-Guardian | pwsh not found, falling back to powershell
2026-06-08 21:06:57 | DEBUG    | CIA-Guardian | Executing PowerShell: $ngcPath = "$env:SystemDrive\Windows\ServiceProfiles\LocalService\AppData\Local\Microsoft\Ngc"; if (Test-Path $ngcPath) { $items = Get-ChildItem $ngcPath -Recurse -ErrorAction SilentlyContinue; if ($items.Count -gt 0) { Write-Output "HELLO_ENROLLED" } else { Write-Output "HELLO_NOT_ENROLLED" } } else { Write-Output "HELLO_NOT_ENROLLED" }
2026-06-08 21:07:01 | DEBUG    | CIA-Guardian | Executing PowerShell: Get-WmiObject -Namespace root\CIMV2 -Class Win32_PnPEntity | Where-Object { $_.Name -match "fingerprint|biometric|camera|face" } | Select-Object -First 1 | ForEach-Object { Write-Output "BIOMETRIC_FOUND" }
2026-06-08 21:07:01 | [32mINFO[0m | CIA-Guardian | pwsh not found, falling back to powershell
2026-06-08 21:07:01 | DEBUG    | CIA-Guardian | Executing PowerShell: Get-WmiObject -Namespace root\CIMV2 -Class Win32_PnPEntity | Where-Object { $_.Name -match "fingerprint|biometric|camera|face" } | Select-Object -First 1 | ForEach-Object { Write-Output "BIOMETRIC_FOUND" }
2026-06-08 21:07:04 | [32mINFO[0m | CIA-Guardian | [CONF-19] Dry run - skipping remediation
2026-06-08 21:07:04 | [32mINFO[0m | CIA-Guardian | [CONF-19] Windows Hello for Business: N/A - TPM not available - Windows Hello for Business requires TPM 2.0
2026-06-08 21:07:04 | [32mINFO[0m | CIA-Guardian | [CONF-20] Starting audit: Windows LAPS
2026-06-08 21:07:04 | DEBUG    | CIA-Guardian | Executing PowerShell: (Get-WmiObject Win32_ComputerSystem).PartOfDomain
2026-06-08 21:07:04 | [32mINFO[0m | CIA-Guardian | pwsh not found, falling back to powershell
2026-06-08 21:07:04 | DEBUG    | CIA-Guardian | Executing PowerShell: (Get-WmiObject Win32_ComputerSystem).PartOfDomain
2026-06-08 21:07:06 | [32mINFO[0m | CIA-Guardian | [CONF-20] Dry run - skipping remediation
2026-06-08 21:07:06 | [32mINFO[0m | CIA-Guardian | [CONF-20] Windows LAPS: N/A - System is not domain-joined - Windows LAPS requires Active Directory
2026-06-08 21:07:06 | [32mINFO[0m | CIA-Guardian | [CONF-21] Starting audit: Kerberos Armoring (FAST)
2026-06-08 21:07:06 | DEBUG    | CIA-Guardian | Executing PowerShell: (Get-WmiObject Win32_ComputerSystem).PartOfDomain
2026-06-08 21:07:06 | [32mINFO[0m | CIA-Guardian | pwsh not found, falling back to powershell
2026-06-08 21:07:06 | DEBUG    | CIA-Guardian | Executing PowerShell: (Get-WmiObject Win32_ComputerSystem).PartOfDomain
2026-06-08 21:07:09 | [32mINFO[0m | CIA-Guardian | [CONF-21] Dry run - skipping remediation
2026-06-08 21:07:09 | [32mINFO[0m | CIA-Guardian | [CONF-21] Kerberos Armoring (FAST): N/A - System is not domain-joined - Kerberos FAST requires Active Directory
2026-06-08 21:07:09 | [32mINFO[0m | CIA-Guardian | [INTG-01] Starting audit: Defender Real-time Protection
2026-06-08 21:07:09 | DEBUG    | CIA-Guardian | Executing PowerShell: Get-MpPreference | Select-Object -ExpandProperty DisableRealtimeMonitoring
2026-06-08 21:07:09 | [32mINFO[0m | CIA-Guardian | pwsh not found, falling back to powershell
2026-06-08 21:07:09 | DEBUG    | CIA-Guardian | Executing PowerShell: Get-MpPreference | Select-Object -ExpandProperty DisableRealtimeMonitoring
2026-06-08 21:07:14 | [32mINFO[0m | CIA-Guardian | [INTG-01] Already compliant
2026-06-08 21:07:14 | [32mINFO[0m | CIA-Guardian | [INTG-01] Defender Real-time Protection: Compliant - Real-time protection is ENABLED
2026-06-08 21:07:14 | [32mINFO[0m | CIA-Guardian | [INTG-02] Starting audit: UAC Configuration
2026-06-08 21:07:14 | DEBUG    | CIA-Guardian | Executing CMD: reg query "HKLM\SOFTWARE\Microsoft\Windows\CurrentVersion\Policies\System" /v "ConsentPromptBehaviorAdmin"
2026-06-08 21:07:15 | [32mINFO[0m | CIA-Guardian | [INTG-02] Already compliant
2026-06-08 21:07:15 | [32mINFO[0m | CIA-Guardian | [INTG-02] UAC Configuration: Compliant - ConsentPromptBehaviorAdmin=5 (Prompt for consent)
2026-06-08 21:07:15 | [32mINFO[0m | CIA-Guardian | [INTG-03] Starting audit: PowerShell Execution Policy
2026-06-08 21:07:15 | DEBUG    | CIA-Guardian | Executing PowerShell: Get-ExecutionPolicy -Scope LocalMachine
2026-06-08 21:07:15 | [32mINFO[0m | CIA-Guardian | pwsh not found, falling back to powershell
2026-06-08 21:07:15 | DEBUG    | CIA-Guardian | Executing PowerShell: Get-ExecutionPolicy -Scope LocalMachine
2026-06-08 21:07:18 | [32mINFO[0m | CIA-Guardian | [INTG-03] Dry run - skipping remediation
2026-06-08 21:07:18 | [32mINFO[0m | CIA-Guardian | [INTG-03] PowerShell Execution Policy: Non-Compliant - Execution Policy: Undefined
2026-06-08 21:07:18 | [32mINFO[0m | CIA-Guardian | [INTG-04] Starting audit: Logon Audit Policy
2026-06-08 21:07:18 | DEBUG    | CIA-Guardian | Executing CMD: auditpol /get /subcategory:"Logon"
2026-06-08 21:07:18 | [31mERROR[0m | CIA-Guardian | [INTG-04] Audit failed: Error 0x00000522 occurred:
A required privilege is not held by the client.
2026-06-08 21:07:18 | [32mINFO[0m | CIA-Guardian | [INTG-04] Logon Audit Policy: Error - Failed to query audit policy
2026-06-08 21:07:18 | [32mINFO[0m | CIA-Guardian | [INTG-06] Starting audit: LSA Protection (RunAsPPL)
2026-06-08 21:07:18 | DEBUG    | CIA-Guardian | Executing CMD: reg query "HKLM\SYSTEM\CurrentControlSet\Control\Lsa" /v "RunAsPPL"
2026-06-08 21:07:19 | [32mINFO[0m | CIA-Guardian | [INTG-06] Dry run - skipping remediation
2026-06-08 21:07:19 | [32mINFO[0m | CIA-Guardian | [INTG-06] LSA Protection (RunAsPPL): Non-Compliant - Registry value 'RunAsPPL' not found
2026-06-08 21:07:19 | [32mINFO[0m | CIA-Guardian | [INTG-07] Starting audit: Credential Guard
2026-06-08 21:07:19 | DEBUG    | CIA-Guardian | Executing PowerShell: 
                $dg = Get-CimInstance -ClassName Win32_DeviceGuard -Namespace root\Microsoft\Windows\DeviceGuard -ErrorAction SilentlyContinue
                if ($dg) {
                    $securityServicesRunning = $dg.SecurityServicesRunning
                    if ($securityServicesRunning -contains 1) {
                        Write-Output "CredentialGuard: Enabled"
                    } else {
                        Write-Output "CredentialGuard: Disabled"
                    }
                    Write-Output "VBS Status: $($dg.VirtualizationBasedSecurityStatus)"
                } else {
                    Write-Output "DeviceGuard: Not available"
                }
                
2026-06-08 21:07:19 | [32mINFO[0m | CIA-Guardian | pwsh not found, falling back to powershell
2026-06-08 21:07:19 | DEBUG    | CIA-Guardian | Executing PowerShell: 
                $dg = Get-CimInstance -ClassName Win32_DeviceGuard -Namespace root\Microsoft\Windows\DeviceGuard -ErrorAction SilentlyContinue
                if ($dg) {
                    $securityServicesRunning = $dg.SecurityServicesRunning
                    if ($securityServicesRunning -contains 1) {
                        Write-Output "CredentialGuard: Enabled"
                    } else {
                        Write-Output "CredentialGuard: Disabled"
                    }
                    Write-Output "VBS Status: $($dg.VirtualizationBasedSecurityStatus)"
                } else {
                    Write-Output "DeviceGuard: Not available"
                }
                
2026-06-08 21:07:23 | [32mINFO[0m | CIA-Guardian | [INTG-07] Dry run - skipping remediation
2026-06-08 21:07:23 | [32mINFO[0m | CIA-Guardian | [INTG-07] Credential Guard: Non-Compliant - Credential Guard is DISABLED
2026-06-08 21:07:23 | [32mINFO[0m | CIA-Guardian | [INTG-08] Starting audit: Secure Boot Enabled
2026-06-08 21:07:23 | DEBUG    | CIA-Guardian | Executing PowerShell: Confirm-SecureBootUEFI
2026-06-08 21:07:23 | [32mINFO[0m | CIA-Guardian | pwsh not found, falling back to powershell
2026-06-08 21:07:23 | DEBUG    | CIA-Guardian | Executing PowerShell: Confirm-SecureBootUEFI
2026-06-08 21:07:26 | [32mINFO[0m | CIA-Guardian | [INTG-08] Dry run - skipping remediation
2026-06-08 21:07:26 | [32mINFO[0m | CIA-Guardian | [INTG-08] Secure Boot Enabled: Non-Compliant - Secure Boot is DISABLED
2026-06-08 21:07:26 | [32mINFO[0m | CIA-Guardian | [INTG-09] Starting audit: Driver Signature Enforcement
2026-06-08 21:07:26 | DEBUG    | CIA-Guardian | Executing CMD: bcdedit /enum {current}
2026-06-08 21:07:26 | [31mERROR[0m | CIA-Guardian | [INTG-09] Audit failed: 
2026-06-08 21:07:26 | [32mINFO[0m | CIA-Guardian | [INTG-09] Driver Signature Enforcement: Error - Failed to query boot configuration
2026-06-08 21:07:26 | [32mINFO[0m | CIA-Guardian | [INTG-10] Starting audit: PowerShell Script Block Logging
2026-06-08 21:07:26 | DEBUG    | CIA-Guardian | Executing CMD: reg query "HKLM\SOFTWARE\Policies\Microsoft\Windows\PowerShell\ScriptBlockLogging" /v "EnableScriptBlockLogging"
2026-06-08 21:07:26 | [32mINFO[0m | CIA-Guardian | [INTG-10] Dry run - skipping remediation
2026-06-08 21:07:26 | [32mINFO[0m | CIA-Guardian | [INTG-10] PowerShell Script Block Logging: Non-Compliant - Registry value 'EnableScriptBlockLogging' not found
2026-06-08 21:07:26 | [32mINFO[0m | CIA-Guardian | [INTG-11] Starting audit: PowerShell Transcription
2026-06-08 21:07:27 | DEBUG    | CIA-Guardian | Executing CMD: reg query "HKLM\SOFTWARE\Policies\Microsoft\Windows\PowerShell\Transcription" /v "EnableTranscripting"
2026-06-08 21:07:27 | [32mINFO[0m | CIA-Guardian | [INTG-11] Dry run - skipping remediation
2026-06-08 21:07:27 | [32mINFO[0m | CIA-Guardian | [INTG-11] PowerShell Transcription: Non-Compliant - Registry value 'EnableTranscripting' not found
2026-06-08 21:07:27 | [32mINFO[0m | CIA-Guardian | [INTG-12] Starting audit: Command Line Auditing
2026-06-08 21:07:27 | DEBUG    | CIA-Guardian | Executing CMD: reg query "HKLM\SOFTWARE\Microsoft\Windows\CurrentVersion\Policies\System\Audit" /v "ProcessCreationIncludeCmdLine_Enabled"
2026-06-08 21:07:27 | [32mINFO[0m | CIA-Guardian | [INTG-12] Dry run - skipping remediation
2026-06-08 21:07:27 | [32mINFO[0m | CIA-Guardian | [INTG-12] Command Line Auditing: Non-Compliant - Registry value 'ProcessCreationIncludeCmdLine_Enabled' not found
2026-06-08 21:07:27 | [32mINFO[0m | CIA-Guardian | [INTG-13] Starting audit: Object Access Audit
2026-06-08 21:07:27 | DEBUG    | CIA-Guardian | Executing CMD: auditpol /get /subcategory:"File System"
2026-06-08 21:07:27 | [31mERROR[0m | CIA-Guardian | [INTG-13] Audit failed: Error 0x00000522 occurred:
A required privilege is not held by the client.
2026-06-08 21:07:27 | [32mINFO[0m | CIA-Guardian | [INTG-13] Object Access Audit: Error - Failed to query audit policy
2026-06-08 21:07:27 | [32mINFO[0m | CIA-Guardian | [INTG-14] Starting audit: Privilege Use Audit
2026-06-08 21:07:27 | DEBUG    | CIA-Guardian | Executing CMD: auditpol /get /subcategory:"Sensitive Privilege Use"
2026-06-08 21:07:27 | [31mERROR[0m | CIA-Guardian | [INTG-14] Audit failed: Error 0x00000522 occurred:
A required privilege is not held by the client.
2026-06-08 21:07:27 | [32mINFO[0m | CIA-Guardian | [INTG-14] Privilege Use Audit: Error - Failed to query audit policy
2026-06-08 21:07:27 | [32mINFO[0m | CIA-Guardian | [INTG-15] Starting audit: Policy Change Audit
2026-06-08 21:07:27 | DEBUG    | CIA-Guardian | Executing CMD: auditpol /get /subcategory:"Audit Policy Change"
2026-06-08 21:07:27 | [31mERROR[0m | CIA-Guardian | [INTG-15] Audit failed: Error 0x00000522 occurred:
A required privilege is not held by the client.
2026-06-08 21:07:27 | [32mINFO[0m | CIA-Guardian | [INTG-15] Policy Change Audit: Error - Failed to query audit policy
2026-06-08 21:07:27 | [32mINFO[0m | CIA-Guardian | [INTG-16] Starting audit: SEHOP Enabled
2026-06-08 21:07:27 | DEBUG    | CIA-Guardian | Executing CMD: reg query "HKLM\SYSTEM\CurrentControlSet\Control\Session Manager\kernel" /v "DisableExceptionChainValidation"
2026-06-08 21:07:27 | [32mINFO[0m | CIA-Guardian | [INTG-16] Already compliant
2026-06-08 21:07:27 | [32mINFO[0m | CIA-Guardian | [INTG-16] SEHOP Enabled: Compliant - SEHOP is enabled (default Windows behavior)
2026-06-08 21:07:27 | [32mINFO[0m | CIA-Guardian | [INTG-17] Starting audit: DEP/NX Enabled
2026-06-08 21:07:27 | DEBUG    | CIA-Guardian | Executing CMD: bcdedit /enum {current}
2026-06-08 21:07:27 | [31mERROR[0m | CIA-Guardian | [INTG-17] Audit failed: 
2026-06-08 21:07:27 | [32mINFO[0m | CIA-Guardian | [INTG-17] DEP/NX Enabled: Error - Failed to query boot configuration
2026-06-08 21:07:27 | [32mINFO[0m | CIA-Guardian | [INTG-18] Starting audit: ASLR Enabled
2026-06-08 21:07:27 | DEBUG    | CIA-Guardian | Executing PowerShell: Get-ProcessMitigation -System | Select-Object -ExpandProperty ASLR | Format-List
2026-06-08 21:07:27 | [32mINFO[0m | CIA-Guardian | pwsh not found, falling back to powershell
2026-06-08 21:07:27 | DEBUG    | CIA-Guardian | Executing PowerShell: Get-ProcessMitigation -System | Select-Object -ExpandProperty ASLR | Format-List
2026-06-08 21:07:30 | DEBUG    | CIA-Guardian | Executing CMD: reg query "HKLM\SYSTEM\CurrentControlSet\Control\Session Manager\Memory Management" /v "MoveImages"
2026-06-08 21:07:30 | [32mINFO[0m | CIA-Guardian | [INTG-18] Already compliant
2026-06-08 21:07:30 | [32mINFO[0m | CIA-Guardian | [INTG-18] ASLR Enabled: Compliant - ASLR is enabled (Windows default)
2026-06-08 21:07:30 | [32mINFO[0m | CIA-Guardian | [INTG-19] Starting audit: Attack Surface Reduction Rules
2026-06-08 21:07:30 | DEBUG    | CIA-Guardian | Executing PowerShell: Get-MpPreference -ErrorAction Stop | Select-Object -First 1
2026-06-08 21:07:30 | [32mINFO[0m | CIA-Guardian | pwsh not found, falling back to powershell
2026-06-08 21:07:30 | DEBUG    | CIA-Guardian | Executing PowerShell: Get-MpPreference -ErrorAction Stop | Select-Object -First 1
2026-06-08 21:07:35 | DEBUG    | CIA-Guardian | Executing PowerShell: $pref = Get-MpPreference; $ids = $pref.AttackSurfaceReductionRules_Ids; $actions = $pref.AttackSurfaceReductionRules_Actions; if ($ids) { for ($i=0; $i -lt $ids.Count; $i++) { Write-Output "$($ids[$i])=$($actions[$i])" } } else { Write-Output "NONE" }
2026-06-08 21:07:35 | [32mINFO[0m | CIA-Guardian | pwsh not found, falling back to powershell
2026-06-08 21:07:35 | DEBUG    | CIA-Guardian | Executing PowerShell: $pref = Get-MpPreference; $ids = $pref.AttackSurfaceReductionRules_Ids; $actions = $pref.AttackSurfaceReductionRules_Actions; if ($ids) { for ($i=0; $i -lt $ids.Count; $i++) { Write-Output "$($ids[$i])=$($actions[$i])" } } else { Write-Output "NONE" }
2026-06-08 21:07:39 | [32mINFO[0m | CIA-Guardian | [INTG-19] Dry run - skipping remediation
2026-06-08 21:07:39 | [32mINFO[0m | CIA-Guardian | [INTG-19] Attack Surface Reduction Rules: Non-Compliant - No ASR rules configured
2026-06-08 21:07:39 | [32mINFO[0m | CIA-Guardian | [INTG-20] Starting audit: VBS/HVCI Memory Integrity
2026-06-08 21:07:39 | DEBUG    | CIA-Guardian | Executing PowerShell: $info = Get-ComputerInfo -Property HyperVisorPresent, DeviceGuardSmartStatus, DeviceGuardSecurityServicesConfigured, DeviceGuardSecurityServicesRunning -ErrorAction SilentlyContinue; if ($info) { $info | ConvertTo-Json } else { Write-Output "UNAVAILABLE" }
2026-06-08 21:07:39 | [32mINFO[0m | CIA-Guardian | pwsh not found, falling back to powershell
2026-06-08 21:07:39 | DEBUG    | CIA-Guardian | Executing PowerShell: $info = Get-ComputerInfo -Property HyperVisorPresent, DeviceGuardSmartStatus, DeviceGuardSecurityServicesConfigured, DeviceGuardSecurityServicesRunning -ErrorAction SilentlyContinue; if ($info) { $info | ConvertTo-Json } else { Write-Output "UNAVAILABLE" }
2026-06-08 21:07:46 | DEBUG    | CIA-Guardian | Executing PowerShell: try { $dg = Get-CimInstance -ClassName Win32_DeviceGuard -Namespace root\Microsoft\Windows\DeviceGuard -ErrorAction Stop; Write-Output "VBS_AVAILABLE=$($dg.VirtualizationBasedSecurityStatus)"; Write-Output "SERVICES_RUNNING=$($dg.SecurityServicesRunning -join ",")"; Write-Output "SERVICES_CONFIGURED=$($dg.SecurityServicesConfigured -join ",")" } catch { Write-Output "WMI_ERROR" }
2026-06-08 21:07:46 | [32mINFO[0m | CIA-Guardian | pwsh not found, falling back to powershell
2026-06-08 21:07:46 | DEBUG    | CIA-Guardian | Executing PowerShell: try { $dg = Get-CimInstance -ClassName Win32_DeviceGuard -Namespace root\Microsoft\Windows\DeviceGuard -ErrorAction Stop; Write-Output "VBS_AVAILABLE=$($dg.VirtualizationBasedSecurityStatus)"; Write-Output "SERVICES_RUNNING=$($dg.SecurityServicesRunning -join ",")"; Write-Output "SERVICES_CONFIGURED=$($dg.SecurityServicesConfigured -join ",")" } catch { Write-Output "WMI_ERROR" }
2026-06-08 21:07:50 | DEBUG    | CIA-Guardian | Executing CMD: reg query "HKLM\SYSTEM\CurrentControlSet\Control\DeviceGuard" /v "EnableVirtualizationBasedSecurity"
2026-06-08 21:07:50 | DEBUG    | CIA-Guardian | Executing CMD: reg query "HKLM\SYSTEM\CurrentControlSet\Control\DeviceGuard\Scenarios\HypervisorEnforcedCodeIntegrity" /v "Enabled"
2026-06-08 21:07:50 | [32mINFO[0m | CIA-Guardian | [INTG-20] Dry run - skipping remediation
2026-06-08 21:07:50 | [32mINFO[0m | CIA-Guardian | [INTG-20] VBS/HVCI Memory Integrity: Non-Compliant - VBS running but HVCI (Memory Integrity) not enabled
2026-06-08 21:07:50 | [32mINFO[0m | CIA-Guardian | [INTG-21] Starting audit: Windows Exploit Protection
2026-06-08 21:07:50 | DEBUG    | CIA-Guardian | Executing PowerShell: 
            try {
                $mitigations = Get-ProcessMitigation -System -ErrorAction Stop
                $results = @{
                    DEP = $mitigations.DEP.Enable
                    CFG = $mitigations.CFG.Enable
                    SEHOP = $mitigations.SEHOP.Enable
                    ForceRelocateImages = $mitigations.ASLR.ForceRelocateImages
                    BottomUp = $mitigations.ASLR.BottomUp
                    HighEntropy = $mitigations.ASLR.HighEntropy
                }
                $results | ConvertTo-Json
            } catch {
                Write-Output "ERROR: $_"
            }
            
2026-06-08 21:07:50 | [32mINFO[0m | CIA-Guardian | pwsh not found, falling back to powershell
2026-06-08 21:07:50 | DEBUG    | CIA-Guardian | Executing PowerShell: 
            try {
                $mitigations = Get-ProcessMitigation -System -ErrorAction Stop
                $results = @{
                    DEP = $mitigations.DEP.Enable
                    CFG = $mitigations.CFG.Enable
                    SEHOP = $mitigations.SEHOP.Enable
                    ForceRelocateImages = $mitigations.ASLR.ForceRelocateImages
                    BottomUp = $mitigations.ASLR.BottomUp
                    HighEntropy = $mitigations.ASLR.HighEntropy
                }
                $results | ConvertTo-Json
            } catch {
                Write-Output "ERROR: $_"
            }
            
2026-06-08 21:07:55 | [32mINFO[0m | CIA-Guardian | [INTG-21] Dry run - skipping remediation
2026-06-08 21:07:55 | [32mINFO[0m | CIA-Guardian | [INTG-21] Windows Exploit Protection: Non-Compliant - System mitigations: 0/4 enabled. DEP: Disabled/NotSet, CFG: Disabled/NotSet, SEHOP: Disabled/NotSet, Mandatory ASLR: Disabled/NotSet
2026-06-08 21:07:55 | [32mINFO[0m | CIA-Guardian | [INTG-22] Starting audit: Controlled Folder Access
2026-06-08 21:07:55 | DEBUG    | CIA-Guardian | Executing PowerShell: 
            $status = Get-MpComputerStatus -ErrorAction SilentlyContinue
            if ($status) {
                if ($status.AMServiceEnabled -and $status.AntispywareEnabled) {
                    Write-Output "DEFENDER_ACTIVE"
                } else {
                    Write-Output "DEFENDER_DISABLED"
                }
            } else {
                Write-Output "DEFENDER_NOT_AVAILABLE"
            }
            
2026-06-08 21:07:56 | [32mINFO[0m | CIA-Guardian | pwsh not found, falling back to powershell
2026-06-08 21:07:56 | DEBUG    | CIA-Guardian | Executing PowerShell: 
            $status = Get-MpComputerStatus -ErrorAction SilentlyContinue
            if ($status) {
                if ($status.AMServiceEnabled -and $status.AntispywareEnabled) {
                    Write-Output "DEFENDER_ACTIVE"
                } else {
                    Write-Output "DEFENDER_DISABLED"
                }
            } else {
                Write-Output "DEFENDER_NOT_AVAILABLE"
            }
            
2026-06-08 21:08:00 | DEBUG    | CIA-Guardian | Executing PowerShell: (Get-MpPreference).EnableControlledFolderAccess
2026-06-08 21:08:00 | [32mINFO[0m | CIA-Guardian | pwsh not found, falling back to powershell
2026-06-08 21:08:00 | DEBUG    | CIA-Guardian | Executing PowerShell: (Get-MpPreference).EnableControlledFolderAccess
2026-06-08 21:08:08 | [32mINFO[0m | CIA-Guardian | [INTG-22] Dry run - skipping remediation
2026-06-08 21:08:08 | [32mINFO[0m | CIA-Guardian | [INTG-22] Controlled Folder Access: Non-Compliant - Controlled Folder Access is Disabled (value: 0)
2026-06-08 21:08:08 | [32mINFO[0m | CIA-Guardian | [INTG-23] Starting audit: Early Launch Anti-Malware
2026-06-08 21:08:08 | DEBUG    | CIA-Guardian | Executing PowerShell: 
            $env = [System.Environment]::GetFolderPath('System')
            $firmware = (Get-ItemProperty -Path 'HKLM:\SYSTEM\CurrentControlSet\Control\SecureBoot\State' -Name 'UEFISecureBootEnabled' -ErrorAction SilentlyContinue).UEFISecureBootEnabled
            if ($firmware -eq 1) { "UEFI" } 
            elseif (Test-Path "$env\..\EFI") { "UEFI_NO_SECUREBOOT" }
            else { "LEGACY_BIOS" }
            
2026-06-08 21:08:08 | [32mINFO[0m | CIA-Guardian | pwsh not found, falling back to powershell
2026-06-08 21:08:08 | DEBUG    | CIA-Guardian | Executing PowerShell: 
            $env = [System.Environment]::GetFolderPath('System')
            $firmware = (Get-ItemProperty -Path 'HKLM:\SYSTEM\CurrentControlSet\Control\SecureBoot\State' -Name 'UEFISecureBootEnabled' -ErrorAction SilentlyContinue).UEFISecureBootEnabled
            if ($firmware -eq 1) { "UEFI" } 
            elseif (Test-Path "$env\..\EFI") { "UEFI_NO_SECUREBOOT" }
            else { "LEGACY_BIOS" }
            
2026-06-08 21:08:10 | DEBUG    | CIA-Guardian | Executing CMD: reg query "HKLM\SYSTEM\CurrentControlSet\Control\EarlyLaunch" /v DriverLoadPolicy 2>nul
2026-06-08 21:08:10 | [32mINFO[0m | CIA-Guardian | [INTG-23] Dry run - skipping remediation
2026-06-08 21:08:10 | [32mINFO[0m | CIA-Guardian | [INTG-23] Early Launch Anti-Malware: N/A - Legacy BIOS boot detected - ELAM requires UEFI for full protection
2026-06-08 21:08:10 | [32mINFO[0m | CIA-Guardian | [AVBL-01] Starting audit: Windows Firewall
2026-06-08 21:08:10 | DEBUG    | CIA-Guardian | Executing CMD: netsh advfirewall show allprofiles
2026-06-08 21:08:11 | [32mINFO[0m | CIA-Guardian | [AVBL-01] Already compliant
2026-06-08 21:08:11 | [32mINFO[0m | CIA-Guardian | [AVBL-01] Windows Firewall: Compliant - Firewall is ON for all profiles
2026-06-08 21:08:11 | [32mINFO[0m | CIA-Guardian | [AVBL-02] Starting audit: Volume Shadow Copy Service
2026-06-08 21:08:11 | DEBUG    | CIA-Guardian | Executing CMD: sc query vss
2026-06-08 21:08:11 | [32mINFO[0m | CIA-Guardian | [AVBL-02] Dry run - skipping remediation
2026-06-08 21:08:11 | [32mINFO[0m | CIA-Guardian | [AVBL-02] Volume Shadow Copy Service: Non-Compliant - VSS service is STOPPED
2026-06-08 21:08:11 | [32mINFO[0m | CIA-Guardian | [AVBL-03] Starting audit: Virtual Memory Configuration
2026-06-08 21:08:11 | DEBUG    | CIA-Guardian | Executing CMD: wmic pagefile list /format:list
2026-06-08 21:08:11 | [32mINFO[0m | CIA-Guardian | [AVBL-03] Dry run - skipping remediation
2026-06-08 21:08:11 | [32mINFO[0m | CIA-Guardian | [AVBL-03] Virtual Memory Configuration: Non-Compliant - Page file size: 768MB (< 4096MB)
2026-06-08 21:08:11 | [32mINFO[0m | CIA-Guardian | [AVBL-04] Starting audit: Windows Time Service
2026-06-08 21:08:11 | DEBUG    | CIA-Guardian | Executing PowerShell: Get-Service W32Time | Select-Object -ExpandProperty Status
2026-06-08 21:08:11 | [32mINFO[0m | CIA-Guardian | pwsh not found, falling back to powershell
2026-06-08 21:08:11 | DEBUG    | CIA-Guardian | Executing PowerShell: Get-Service W32Time | Select-Object -ExpandProperty Status
2026-06-08 21:08:14 | [32mINFO[0m | CIA-Guardian | [AVBL-04] Dry run - skipping remediation
2026-06-08 21:08:14 | [32mINFO[0m | CIA-Guardian | [AVBL-04] Windows Time Service: Non-Compliant - W32Time service is STOPPED
2026-06-08 21:08:14 | [32mINFO[0m | CIA-Guardian | [AVBL-05] Starting audit: Password Minimum Length
2026-06-08 21:08:14 | DEBUG    | CIA-Guardian | Executing CMD: net accounts
2026-06-08 21:08:14 | [32mINFO[0m | CIA-Guardian | [AVBL-05] Dry run - skipping remediation
2026-06-08 21:08:14 | [32mINFO[0m | CIA-Guardian | [AVBL-05] Password Minimum Length: Non-Compliant - Minimum password length: 0 characters
2026-06-08 21:08:14 | [32mINFO[0m | CIA-Guardian | [AVBL-06] Starting audit: Password Complexity
2026-06-08 21:08:14 | DEBUG    | CIA-Guardian | Executing CMD: secedit /export /cfg %TEMP%\secpol.cfg /quiet
2026-06-08 21:08:14 | [31mERROR[0m | CIA-Guardian | [AVBL-06] Audit failed: 
2026-06-08 21:08:14 | [32mINFO[0m | CIA-Guardian | [AVBL-06] Password Complexity: Error - Failed to export security policy
2026-06-08 21:08:14 | [32mINFO[0m | CIA-Guardian | [AVBL-07] Starting audit: Account Lockout Threshold
2026-06-08 21:08:14 | DEBUG    | CIA-Guardian | Executing CMD: net accounts
2026-06-08 21:08:14 | [32mINFO[0m | CIA-Guardian | [AVBL-07] Dry run - skipping remediation
2026-06-08 21:08:14 | [32mINFO[0m | CIA-Guardian | [AVBL-07] Account Lockout Threshold: Non-Compliant - Account lockout threshold: 10 (should be 3-5)
2026-06-08 21:08:14 | [32mINFO[0m | CIA-Guardian | [AVBL-08] Starting audit: Account Lockout Duration
2026-06-08 21:08:14 | DEBUG    | CIA-Guardian | Executing CMD: net accounts
2026-06-08 21:08:14 | [32mINFO[0m | CIA-Guardian | [AVBL-08] Dry run - skipping remediation
2026-06-08 21:08:14 | [32mINFO[0m | CIA-Guardian | [AVBL-08] Account Lockout Duration: Non-Compliant - Account lockout duration: 10 minutes
2026-06-08 21:08:14 | [32mINFO[0m | CIA-Guardian | [AVBL-09] Starting audit: Password History
2026-06-08 21:08:14 | DEBUG    | CIA-Guardian | Executing CMD: net accounts
2026-06-08 21:08:14 | [32mINFO[0m | CIA-Guardian | [AVBL-09] Dry run - skipping remediation
2026-06-08 21:08:14 | [32mINFO[0m | CIA-Guardian | [AVBL-09] Password History: Non-Compliant - Password history: 0 passwords
2026-06-08 21:08:14 | [32mINFO[0m | CIA-Guardian | [AVBL-10] Starting audit: Password Maximum Age
2026-06-08 21:08:14 | DEBUG    | CIA-Guardian | Executing CMD: net accounts
2026-06-08 21:08:15 | [32mINFO[0m | CIA-Guardian | [AVBL-10] Already compliant
2026-06-08 21:08:15 | [32mINFO[0m | CIA-Guardian | [AVBL-10] Password Maximum Age: Compliant - Password maximum age: 42 days
2026-06-08 21:08:15 | [32mINFO[0m | CIA-Guardian | [AVBL-11] Starting audit: Windows Update Service
2026-06-08 21:08:15 | DEBUG    | CIA-Guardian | Executing CMD: sc query wuauserv
2026-06-08 21:08:15 | [32mINFO[0m | CIA-Guardian | [AVBL-11] Dry run - skipping remediation
2026-06-08 21:08:15 | [32mINFO[0m | CIA-Guardian | [AVBL-11] Windows Update Service: Non-Compliant - Service 'wuauserv' is Stopped
2026-06-08 21:08:15 | [32mINFO[0m | CIA-Guardian | [AVBL-12] Starting audit: Windows Defender Service
2026-06-08 21:08:15 | DEBUG    | CIA-Guardian | Executing CMD: sc query WinDefend
2026-06-08 21:08:15 | [32mINFO[0m | CIA-Guardian | [AVBL-12] Already compliant
2026-06-08 21:08:15 | [32mINFO[0m | CIA-Guardian | [AVBL-12] Windows Defender Service: Compliant - Service 'WinDefend' is Running
2026-06-08 21:08:15 | [32mINFO[0m | CIA-Guardian | [AVBL-13] Starting audit: BITS Service
2026-06-08 21:08:15 | DEBUG    | CIA-Guardian | Executing CMD: sc query BITS
2026-06-08 21:08:15 | [32mINFO[0m | CIA-Guardian | [AVBL-13] Dry run - skipping remediation
2026-06-08 21:08:15 | [32mINFO[0m | CIA-Guardian | [AVBL-13] BITS Service: Non-Compliant - Service 'BITS' is Stopped
2026-06-08 21:08:15 | [32mINFO[0m | CIA-Guardian | [AVBL-14] Starting audit: Event Log Service
2026-06-08 21:08:15 | DEBUG    | CIA-Guardian | Executing CMD: sc query EventLog
2026-06-08 21:08:15 | [32mINFO[0m | CIA-Guardian | [AVBL-14] Already compliant
2026-06-08 21:08:15 | [32mINFO[0m | CIA-Guardian | [AVBL-14] Event Log Service: Compliant - Service 'EventLog' is Running
2026-06-08 21:08:15 | [32mINFO[0m | CIA-Guardian | [AVBL-15] Starting audit: Crash Dump Configuration
2026-06-08 21:08:15 | DEBUG    | CIA-Guardian | Executing CMD: reg query "HKLM\SYSTEM\CurrentControlSet\Control\CrashControl" /v "CrashDumpEnabled"
2026-06-08 21:08:15 | [32mINFO[0m | CIA-Guardian | [AVBL-15] Already compliant
2026-06-08 21:08:15 | [32mINFO[0m | CIA-Guardian | [AVBL-15] Crash Dump Configuration: Compliant - Crash dump type: Small memory dump
2026-06-08 21:08:15 | [32mINFO[0m | CIA-Guardian | [AVBL-16] Starting audit: Auto Restart Sign-on Disabled
2026-06-08 21:08:15 | DEBUG    | CIA-Guardian | Executing CMD: reg query "HKLM\SOFTWARE\Microsoft\Windows\CurrentVersion\Policies\System" /v "DisableAutomaticRestartSignOn"
2026-06-08 21:08:15 | [32mINFO[0m | CIA-Guardian | [AVBL-16] Dry run - skipping remediation
2026-06-08 21:08:15 | [32mINFO[0m | CIA-Guardian | [AVBL-16] Auto Restart Sign-on Disabled: Non-Compliant - Registry value 'DisableAutomaticRestartSignOn' not found
2026-06-08 21:08:15 | [32mINFO[0m | CIA-Guardian | [AVBL-17] Starting audit: Screen Saver Timeout
2026-06-08 21:08:15 | DEBUG    | CIA-Guardian | Executing CMD: reg query "HKCU\Control Panel\Desktop" /v "ScreenSaveTimeOut"
2026-06-08 21:08:15 | DEBUG    | CIA-Guardian | Executing CMD: reg query "HKCU\Control Panel\Desktop" /v "ScreenSaveActive"
2026-06-08 21:08:15 | [32mINFO[0m | CIA-Guardian | [AVBL-17] Dry run - skipping remediation
2026-06-08 21:08:15 | [32mINFO[0m | CIA-Guardian | [AVBL-17] Screen Saver Timeout: Non-Compliant - Screen saver timeout not configured
2026-06-08 21:08:15 | [32mINFO[0m | CIA-Guardian | [AVBL-18] Starting audit: Backup Configuration
2026-06-08 21:08:15 | DEBUG    | CIA-Guardian | Executing PowerShell: 
            $svc = Get-Service -Name wbengine -ErrorAction SilentlyContinue
            if ($svc) {
                Write-Output "SERVICE:$($svc.Status):$($svc.StartType)"
            } else {
                Write-Output "SERVICE:NOT_FOUND"
            }
            
2026-06-08 21:08:15 | [32mINFO[0m | CIA-Guardian | pwsh not found, falling back to powershell
2026-06-08 21:08:15 | DEBUG    | CIA-Guardian | Executing PowerShell: 
            $svc = Get-Service -Name wbengine -ErrorAction SilentlyContinue
            if ($svc) {
                Write-Output "SERVICE:$($svc.Status):$($svc.StartType)"
            } else {
                Write-Output "SERVICE:NOT_FOUND"
            }
            
2026-06-08 21:08:18 | DEBUG    | CIA-Guardian | Executing PowerShell: (Get-WmiObject Win32_OperatingSystem).ProductType
2026-06-08 21:08:18 | [32mINFO[0m | CIA-Guardian | pwsh not found, falling back to powershell
2026-06-08 21:08:18 | DEBUG    | CIA-Guardian | Executing PowerShell: (Get-WmiObject Win32_OperatingSystem).ProductType
2026-06-08 21:08:21 | DEBUG    | CIA-Guardian | Executing PowerShell: 
                $fhPath = 'HKLM:\SOFTWARE\Microsoft\Windows\CurrentVersion\FileHistory'
                if (Test-Path $fhPath) {
                    $config = Get-ItemProperty -Path $fhPath -ErrorAction SilentlyContinue
                    if ($config.ProtectedUpgraded -or $config.ProtectedUntilTime) {
                        Write-Output "FILE_HISTORY:CONFIGURED"
                    } else {
                        Write-Output "FILE_HISTORY:PRESENT_NOT_CONFIGURED"
                    }
                } else {
                    Write-Output "FILE_HISTORY:NOT_CONFIGURED"
                }
                
2026-06-08 21:08:21 | [32mINFO[0m | CIA-Guardian | pwsh not found, falling back to powershell
2026-06-08 21:08:21 | DEBUG    | CIA-Guardian | Executing PowerShell: 
                $fhPath = 'HKLM:\SOFTWARE\Microsoft\Windows\CurrentVersion\FileHistory'
                if (Test-Path $fhPath) {
                    $config = Get-ItemProperty -Path $fhPath -ErrorAction SilentlyContinue
                    if ($config.ProtectedUpgraded -or $config.ProtectedUntilTime) {
                        Write-Output "FILE_HISTORY:CONFIGURED"
                    } else {
                        Write-Output "FILE_HISTORY:PRESENT_NOT_CONFIGURED"
                    }
                } else {
                    Write-Output "FILE_HISTORY:NOT_CONFIGURED"
                }
                
2026-06-08 21:08:25 | DEBUG    | CIA-Guardian | Executing PowerShell: 
            $vss = Get-Service -Name VSS -ErrorAction SilentlyContinue
            if ($vss -and $vss.StartType -ne 'Disabled') { "VSS:AVAILABLE" } else { "VSS:UNAVAILABLE" }
            
2026-06-08 21:08:25 | [32mINFO[0m | CIA-Guardian | pwsh not found, falling back to powershell
2026-06-08 21:08:25 | DEBUG    | CIA-Guardian | Executing PowerShell: 
            $vss = Get-Service -Name VSS -ErrorAction SilentlyContinue
            if ($vss -and $vss.StartType -ne 'Disabled') { "VSS:AVAILABLE" } else { "VSS:UNAVAILABLE" }
            
2026-06-08 21:08:28 | [32mINFO[0m | CIA-Guardian | [AVBL-18] Already compliant
2026-06-08 21:08:28 | [32mINFO[0m | CIA-Guardian | [AVBL-18] Backup Configuration: Compliant - Windows Backup Engine: Stopped (Manual); File History: Not configured; Volume Shadow Copy: Available
2026-06-08 21:08:28 | [32mINFO[0m | CIA-Guardian | [NETW-01] Starting audit: NetBIOS over TCP/IP Disabled
2026-06-08 21:08:28 | DEBUG    | CIA-Guardian | Executing PowerShell: Get-WmiObject Win32_NetworkAdapterConfiguration | Where-Object { $_.IPEnabled -eq $true } | Select-Object -ExpandProperty TcpipNetbiosOptions
2026-06-08 21:08:28 | [32mINFO[0m | CIA-Guardian | pwsh not found, falling back to powershell
2026-06-08 21:08:28 | DEBUG    | CIA-Guardian | Executing PowerShell: Get-WmiObject Win32_NetworkAdapterConfiguration | Where-Object { $_.IPEnabled -eq $true } | Select-Object -ExpandProperty TcpipNetbiosOptions
2026-06-08 21:08:31 | [32mINFO[0m | CIA-Guardian | [NETW-01] Dry run - skipping remediation
2026-06-08 21:08:31 | [32mINFO[0m | CIA-Guardian | [NETW-01] NetBIOS over TCP/IP Disabled: Non-Compliant - NetBIOS over TCP/IP is enabled on one or more adapters
2026-06-08 21:08:31 | [32mINFO[0m | CIA-Guardian | [NETW-02] Starting audit: LLMNR Disabled
2026-06-08 21:08:31 | DEBUG    | CIA-Guardian | Executing CMD: reg query "HKLM\SOFTWARE\Policies\Microsoft\Windows NT\DNSClient" /v "EnableMulticast"
2026-06-08 21:08:31 | [32mINFO[0m | CIA-Guardian | [NETW-02] Dry run - skipping remediation
2026-06-08 21:08:31 | [32mINFO[0m | CIA-Guardian | [NETW-02] LLMNR Disabled: Non-Compliant - Registry value 'EnableMulticast' not found
2026-06-08 21:08:31 | [32mINFO[0m | CIA-Guardian | [NETW-03] Starting audit: WPAD Disabled
2026-06-08 21:08:31 | DEBUG    | CIA-Guardian | Executing CMD: reg query "HKCU\Software\Microsoft\Windows\CurrentVersion\Internet Settings\Wpad" /v "WpadOverride"
2026-06-08 21:08:31 | [32mINFO[0m | CIA-Guardian | [NETW-03] Dry run - skipping remediation
2026-06-08 21:08:31 | [32mINFO[0m | CIA-Guardian | [NETW-03] WPAD Disabled: Non-Compliant - Registry value 'WpadOverride' not found
2026-06-08 21:08:31 | [32mINFO[0m | CIA-Guardian | [NETW-04] Starting audit: IPv6 Disabled
2026-06-08 21:08:31 | DEBUG    | CIA-Guardian | Executing CMD: reg query "HKLM\SYSTEM\CurrentControlSet\Services\Tcpip6\Parameters" /v "DisabledComponents"
2026-06-08 21:08:31 | [32mINFO[0m | CIA-Guardian | [NETW-04] Dry run - skipping remediation
2026-06-08 21:08:31 | [32mINFO[0m | CIA-Guardian | [NETW-04] IPv6 Disabled: Non-Compliant - Registry value 'DisabledComponents' not found
2026-06-08 21:08:31 | [32mINFO[0m | CIA-Guardian | [NETW-05] Starting audit: Windows Firewall Logging
2026-06-08 21:08:31 | DEBUG    | CIA-Guardian | Executing CMD: netsh advfirewall show allprofiles logging
2026-06-08 21:08:31 | [32mINFO[0m | CIA-Guardian | [NETW-05] Dry run - skipping remediation
2026-06-08 21:08:31 | [32mINFO[0m | CIA-Guardian | [NETW-05] Windows Firewall Logging: Non-Compliant - Firewall logging is not fully enabled
2026-06-08 21:08:31 | [32mINFO[0m | CIA-Guardian | [NETW-06] Starting audit: Firewall Default Deny Inbound
2026-06-08 21:08:31 | DEBUG    | CIA-Guardian | Executing CMD: netsh advfirewall show allprofiles firewallpolicy
2026-06-08 21:08:31 | [32mINFO[0m | CIA-Guardian | [NETW-06] Already compliant
2026-06-08 21:08:31 | [32mINFO[0m | CIA-Guardian | [NETW-06] Firewall Default Deny Inbound: Compliant - Firewall blocks inbound connections by default
2026-06-08 21:08:31 | [32mINFO[0m | CIA-Guardian | [NETW-07] Starting audit: WiFi Sense Disabled
2026-06-08 21:08:31 | DEBUG    | CIA-Guardian | Executing CMD: reg query "HKLM\SOFTWARE\Microsoft\WcmSvc\wifinetworkmanager\config" /v "AutoConnectAllowedOEM"
2026-06-08 21:08:31 | [32mINFO[0m | CIA-Guardian | [NETW-07] Dry run - skipping remediation
2026-06-08 21:08:31 | [32mINFO[0m | CIA-Guardian | [NETW-07] WiFi Sense Disabled: Non-Compliant - Registry value 'AutoConnectAllowedOEM' not found
2026-06-08 21:08:31 | [32mINFO[0m | CIA-Guardian | [NETW-08] Starting audit: Hotspot 2.0 Disabled
2026-06-08 21:08:31 | DEBUG    | CIA-Guardian | Executing CMD: reg query "HKLM\SOFTWARE\Microsoft\WlanSvc\AnqpCache" /v "OsuRegistrationStatus"
2026-06-08 21:08:32 | [32mINFO[0m | CIA-Guardian | [NETW-08] Dry run - skipping remediation
2026-06-08 21:08:32 | [32mINFO[0m | CIA-Guardian | [NETW-08] Hotspot 2.0 Disabled: Non-Compliant - Registry value 'OsuRegistrationStatus' not found
2026-06-08 21:08:32 | [32mINFO[0m | CIA-Guardian | [NETW-09] Starting audit: Network Discovery Disabled
2026-06-08 21:08:32 | DEBUG    | CIA-Guardian | Executing CMD: netsh advfirewall firewall show rule name="Network Discovery (LLMNR-UDP-In)"
2026-06-08 21:08:32 | [32mINFO[0m | CIA-Guardian | [NETW-09] Dry run - skipping remediation
2026-06-08 21:08:32 | [32mINFO[0m | CIA-Guardian | [NETW-09] Network Discovery Disabled: Non-Compliant - Network Discovery is enabled
2026-06-08 21:08:32 | [32mINFO[0m | CIA-Guardian | [NETW-10] Starting audit: File and Printer Sharing Disabled
2026-06-08 21:08:32 | DEBUG    | CIA-Guardian | Executing CMD: netsh advfirewall firewall show rule name="File and Printer Sharing (SMB-In)"
2026-06-08 21:08:32 | [32mINFO[0m | CIA-Guardian | [NETW-10] Already compliant
2026-06-08 21:08:32 | [32mINFO[0m | CIA-Guardian | [NETW-10] File and Printer Sharing Disabled: Compliant - File and Printer Sharing properly restricted
2026-06-08 21:08:32 | [32mINFO[0m | CIA-Guardian | [NETW-11] Starting audit: ICMP Redirect Disabled
2026-06-08 21:08:32 | DEBUG    | CIA-Guardian | Executing CMD: reg query "HKLM\SYSTEM\CurrentControlSet\Services\Tcpip\Parameters" /v "EnableICMPRedirect"
2026-06-08 21:08:32 | [32mINFO[0m | CIA-Guardian | [NETW-11] Dry run - skipping remediation
2026-06-08 21:08:32 | [32mINFO[0m | CIA-Guardian | [NETW-11] ICMP Redirect Disabled: Non-Compliant - Registry value 'EnableICMPRedirect' not found
2026-06-08 21:08:32 | [32mINFO[0m | CIA-Guardian | [NETW-12] Starting audit: Source Routing Disabled
2026-06-08 21:08:32 | DEBUG    | CIA-Guardian | Executing CMD: reg query "HKLM\SYSTEM\CurrentControlSet\Services\Tcpip\Parameters" /v "DisableIPSourceRouting"
2026-06-08 21:08:32 | [32mINFO[0m | CIA-Guardian | [NETW-12] Dry run - skipping remediation
2026-06-08 21:08:32 | [32mINFO[0m | CIA-Guardian | [NETW-12] Source Routing Disabled: Non-Compliant - Registry value 'DisableIPSourceRouting' not found
2026-06-08 21:08:32 | [32mINFO[0m | CIA-Guardian | [NETW-13] Starting audit: DNS over HTTPS Enabled
2026-06-08 21:08:32 | DEBUG    | CIA-Guardian | Executing PowerShell: [System.Environment]::OSVersion.Version | Select-Object Major, Minor, Build | ConvertTo-Json
2026-06-08 21:08:32 | [32mINFO[0m | CIA-Guardian | pwsh not found, falling back to powershell
2026-06-08 21:08:32 | DEBUG    | CIA-Guardian | Executing PowerShell: [System.Environment]::OSVersion.Version | Select-Object Major, Minor, Build | ConvertTo-Json
2026-06-08 21:08:36 | DEBUG    | CIA-Guardian | Executing PowerShell: Get-Command Get-DnsClientDohServerAddress -ErrorAction SilentlyContinue | Select-Object -ExpandProperty Name
2026-06-08 21:08:36 | [32mINFO[0m | CIA-Guardian | pwsh not found, falling back to powershell
2026-06-08 21:08:36 | DEBUG    | CIA-Guardian | Executing PowerShell: Get-Command Get-DnsClientDohServerAddress -ErrorAction SilentlyContinue | Select-Object -ExpandProperty Name
2026-06-08 21:08:40 | DEBUG    | CIA-Guardian | Executing PowerShell: Get-DnsClientDohServerAddress -ErrorAction SilentlyContinue | Select-Object ServerAddress, DohTemplate, AllowFallbackToUdp | ConvertTo-Json -Compress
2026-06-08 21:08:40 | [32mINFO[0m | CIA-Guardian | pwsh not found, falling back to powershell
2026-06-08 21:08:40 | DEBUG    | CIA-Guardian | Executing PowerShell: Get-DnsClientDohServerAddress -ErrorAction SilentlyContinue | Select-Object ServerAddress, DohTemplate, AllowFallbackToUdp | ConvertTo-Json -Compress
2026-06-08 21:08:44 | DEBUG    | CIA-Guardian | Executing PowerShell: Get-ItemProperty -Path "HKLM:\SYSTEM\CurrentControlSet\Services\Dnscache\Parameters" -Name EnableAutoDoh -ErrorAction SilentlyContinue | Select-Object -ExpandProperty EnableAutoDoh
2026-06-08 21:08:44 | [32mINFO[0m | CIA-Guardian | pwsh not found, falling back to powershell
2026-06-08 21:08:44 | DEBUG    | CIA-Guardian | Executing PowerShell: Get-ItemProperty -Path "HKLM:\SYSTEM\CurrentControlSet\Services\Dnscache\Parameters" -Name EnableAutoDoh -ErrorAction SilentlyContinue | Select-Object -ExpandProperty EnableAutoDoh
2026-06-08 21:08:47 | DEBUG    | CIA-Guardian | Executing PowerShell: Get-DnsClientServerAddress -AddressFamily IPv4 | Where-Object { $_.ServerAddresses } | Select-Object -ExpandProperty ServerAddresses | Select-Object -Unique
2026-06-08 21:08:47 | [32mINFO[0m | CIA-Guardian | pwsh not found, falling back to powershell
2026-06-08 21:08:47 | DEBUG    | CIA-Guardian | Executing PowerShell: Get-DnsClientServerAddress -AddressFamily IPv4 | Where-Object { $_.ServerAddresses } | Select-Object -ExpandProperty ServerAddresses | Select-Object -Unique
2026-06-08 21:08:53 | [32mINFO[0m | CIA-Guardian | [NETW-13] Already compliant
2026-06-08 21:08:53 | [32mINFO[0m | CIA-Guardian | [NETW-13] DNS over HTTPS Enabled: Compliant - DoH enabled via Custom
2026-06-08 21:08:53 | [32mINFO[0m | CIA-Guardian | [NETW-14] Starting audit: SMB 3.0 Encryption
2026-06-08 21:08:53 | DEBUG    | CIA-Guardian | Executing PowerShell: 
            $config = Get-SmbServerConfiguration -ErrorAction Stop
            $result = @{
                EncryptData = $config.EncryptData
                RejectUnencryptedAccess = $config.RejectUnencryptedAccess
                EnableSMB2Protocol = $config.EnableSMB2Protocol
            }
            $result | ConvertTo-Json
            
2026-06-08 21:08:53 | [32mINFO[0m | CIA-Guardian | pwsh not found, falling back to powershell
2026-06-08 21:08:53 | DEBUG    | CIA-Guardian | Executing PowerShell: 
            $config = Get-SmbServerConfiguration -ErrorAction Stop
            $result = @{
                EncryptData = $config.EncryptData
                RejectUnencryptedAccess = $config.RejectUnencryptedAccess
                EnableSMB2Protocol = $config.EnableSMB2Protocol
            }
            $result | ConvertTo-Json
            
2026-06-08 21:08:57 | [32mINFO[0m | CIA-Guardian | [NETW-14] Dry run - skipping remediation
2026-06-08 21:08:57 | [32mINFO[0m | CIA-Guardian | [NETW-14] SMB 3.0 Encryption: Non-Compliant - SMB encryption is not enabled
2026-06-08 21:08:57 | [32mINFO[0m | CIA-Guardian | [NETW-15] Starting audit: Firewall Advanced Logging
2026-06-08 21:08:57 | DEBUG    | CIA-Guardian | Executing PowerShell: 
            $profiles = Get-NetFirewallProfile -All -ErrorAction Stop
            $results = @()
            foreach ($profile in $profiles) {
                $results += @{
                    Name = $profile.Name
                    LogBlocked = $profile.LogBlocked
                    LogAllowed = $profile.LogAllowed
                    LogFileName = $profile.LogFileName
                    LogMaxSizeKilobytes = $profile.LogMaxSizeKilobytes
                }
            }
            $results | ConvertTo-Json
            
2026-06-08 21:08:58 | [32mINFO[0m | CIA-Guardian | pwsh not found, falling back to powershell
2026-06-08 21:08:58 | DEBUG    | CIA-Guardian | Executing PowerShell: 
            $profiles = Get-NetFirewallProfile -All -ErrorAction Stop
            $results = @()
            foreach ($profile in $profiles) {
                $results += @{
                    Name = $profile.Name
                    LogBlocked = $profile.LogBlocked
                    LogAllowed = $profile.LogAllowed
                    LogFileName = $profile.LogFileName
                    LogMaxSizeKilobytes = $profile.LogMaxSizeKilobytes
                }
            }
            $results | ConvertTo-Json
            
2026-06-08 21:09:03 | [32mINFO[0m | CIA-Guardian | [NETW-15] Dry run - skipping remediation
2026-06-08 21:09:03 | [32mINFO[0m | CIA-Guardian | [NETW-15] Firewall Advanced Logging: Non-Compliant - Logging issues: Domain: LogBlocked disabled; Private: LogBlocked disabled; Public: LogBlocked disabled
2026-06-08 21:09:03 | [32mINFO[0m | CIA-Guardian | [APPS-01] Starting audit: Office Macro Disabled
2026-06-08 21:09:03 | DEBUG    | CIA-Guardian | Executing CMD: reg query "HKLM\SOFTWARE\Microsoft\Office\16.0\Common\InstallRoot" /v "Path"
2026-06-08 21:09:03 | DEBUG    | CIA-Guardian | Executing CMD: reg query "HKCU\SOFTWARE\Microsoft\Office\16.0\Word\Security" /v "VBAWarnings"
2026-06-08 21:09:03 | DEBUG    | CIA-Guardian | Executing CMD: reg query "HKCU\SOFTWARE\Microsoft\Office\16.0\Excel\Security" /v "VBAWarnings"
2026-06-08 21:09:03 | DEBUG    | CIA-Guardian | Executing CMD: reg query "HKCU\SOFTWARE\Microsoft\Office\16.0\PowerPoint\Security" /v "VBAWarnings"
2026-06-08 21:09:03 | [32mINFO[0m | CIA-Guardian | [APPS-01] Dry run - skipping remediation
2026-06-08 21:09:03 | [32mINFO[0m | CIA-Guardian | [APPS-01] Office Macro Disabled: Non-Compliant - ✗ VBAWarnings=None (expected 4); ✗ VBAWarnings=None (expected 4); ✗ VBAWarnings=None (expected 4)
2026-06-08 21:09:03 | [32mINFO[0m | CIA-Guardian | [APPS-02] Starting audit: Office OLE Disabled
2026-06-08 21:09:03 | DEBUG    | CIA-Guardian | Executing CMD: reg query "HKLM\SOFTWARE\Microsoft\Office\16.0\Common\InstallRoot" /v "Path"
2026-06-08 21:09:03 | DEBUG    | CIA-Guardian | Executing CMD: reg query "HKCU\SOFTWARE\Microsoft\Office\16.0\Word\Security" /v "PackagerPrompt"
2026-06-08 21:09:03 | DEBUG    | CIA-Guardian | Executing CMD: reg query "HKCU\SOFTWARE\Microsoft\Office\16.0\Excel\Security" /v "PackagerPrompt"
2026-06-08 21:09:03 | DEBUG    | CIA-Guardian | Executing CMD: reg query "HKCU\SOFTWARE\Microsoft\Office\16.0\PowerPoint\Security" /v "PackagerPrompt"
2026-06-08 21:09:03 | [32mINFO[0m | CIA-Guardian | [APPS-02] Dry run - skipping remediation
2026-06-08 21:09:03 | [32mINFO[0m | CIA-Guardian | [APPS-02] Office OLE Disabled: Non-Compliant - ✗ PackagerPrompt=None (expected 2); ✗ PackagerPrompt=None (expected 2); ✗ PackagerPrompt=None (expected 2)
2026-06-08 21:09:03 | [32mINFO[0m | CIA-Guardian | [APPS-03] Starting audit: Adobe Reader Protected Mode
2026-06-08 21:09:03 | DEBUG    | CIA-Guardian | Executing CMD: reg query "HKLM\SOFTWARE\Adobe\Acrobat Reader"
2026-06-08 21:09:04 | DEBUG    | CIA-Guardian | Executing CMD: reg query "HKLM\SOFTWARE\WOW6432Node\Adobe\Acrobat Reader"
2026-06-08 21:09:04 | [32mINFO[0m | CIA-Guardian | [APPS-03] Dry run - skipping remediation
2026-06-08 21:09:04 | [32mINFO[0m | CIA-Guardian | [APPS-03] Adobe Reader Protected Mode: N/A - Adobe Reader not detected on this system
2026-06-08 21:09:04 | [32mINFO[0m | CIA-Guardian | [APPS-04] Starting audit: Browser Extensions Audit
2026-06-08 21:09:04 | DEBUG    | CIA-Guardian | Executing PowerShell: 
                $userProfile = $env:USERPROFILE
                $chromePath = "$userProfile\AppData\Local\Google\Chrome\User Data\Default\Extensions"
                if (Test-Path $chromePath) {
                    $extensions = Get-ChildItem -Path $chromePath -Directory | Select-Object -ExpandProperty Name
                    Write-Output "Chrome Extensions: $($extensions.Count)"
                    $extensions | ForEach-Object { Write-Output "  $_" }
                } else {
                    Write-Output "Chrome: Not installed or no extensions"
                }
                
2026-06-08 21:09:04 | [32mINFO[0m | CIA-Guardian | pwsh not found, falling back to powershell
2026-06-08 21:09:04 | DEBUG    | CIA-Guardian | Executing PowerShell: 
                $userProfile = $env:USERPROFILE
                $chromePath = "$userProfile\AppData\Local\Google\Chrome\User Data\Default\Extensions"
                if (Test-Path $chromePath) {
                    $extensions = Get-ChildItem -Path $chromePath -Directory | Select-Object -ExpandProperty Name
                    Write-Output "Chrome Extensions: $($extensions.Count)"
                    $extensions | ForEach-Object { Write-Output "  $_" }
                } else {
                    Write-Output "Chrome: Not installed or no extensions"
                }
                
2026-06-08 21:09:07 | DEBUG    | CIA-Guardian | Executing PowerShell: 
                $userProfile = $env:USERPROFILE
                $edgePath = "$userProfile\AppData\Local\Microsoft\Edge\User Data\Default\Extensions"
                if (Test-Path $edgePath) {
                    $extensions = Get-ChildItem -Path $edgePath -Directory | Select-Object -ExpandProperty Name
                    Write-Output "Edge Extensions: $($extensions.Count)"
                    $extensions | ForEach-Object { Write-Output "  $_" }
                } else {
                    Write-Output "Edge: Not installed or no extensions"
                }
                
2026-06-08 21:09:08 | [32mINFO[0m | CIA-Guardian | pwsh not found, falling back to powershell
2026-06-08 21:09:08 | DEBUG    | CIA-Guardian | Executing PowerShell: 
                $userProfile = $env:USERPROFILE
                $edgePath = "$userProfile\AppData\Local\Microsoft\Edge\User Data\Default\Extensions"
                if (Test-Path $edgePath) {
                    $extensions = Get-ChildItem -Path $edgePath -Directory | Select-Object -ExpandProperty Name
                    Write-Output "Edge Extensions: $($extensions.Count)"
                    $extensions | ForEach-Object { Write-Output "  $_" }
                } else {
                    Write-Output "Edge: Not installed or no extensions"
                }
                
2026-06-08 21:09:10 | [32mINFO[0m | CIA-Guardian | [APPS-04] Dry run - skipping remediation
2026-06-08 21:09:10 | [32mINFO[0m | CIA-Guardian | [APPS-04] Browser Extensions Audit: Non-Compliant - 14 browser extensions found (high count)
2026-06-08 21:09:10 | [32mINFO[0m | CIA-Guardian | [APPS-05] Starting audit: Java Browser Plugin Disabled
2026-06-08 21:09:10 | DEBUG    | CIA-Guardian | Executing CMD: reg query "HKLM\SOFTWARE\JavaSoft\Java Runtime Environment"
2026-06-08 21:09:11 | DEBUG    | CIA-Guardian | Executing CMD: reg query "HKLM\SOFTWARE\WOW6432Node\JavaSoft\Java Runtime Environment"
2026-06-08 21:09:11 | [32mINFO[0m | CIA-Guardian | [APPS-05] Already compliant
2026-06-08 21:09:11 | [32mINFO[0m | CIA-Guardian | [APPS-05] Java Browser Plugin Disabled: Compliant - Java Runtime not installed - no browser plugin risk
2026-06-08 21:09:11 | [32mINFO[0m | CIA-Guardian | [APPS-06] Starting audit: Flash Player Disabled
2026-06-08 21:09:11 | DEBUG    | CIA-Guardian | Executing CMD: reg query "HKLM\SOFTWARE\Macromedia\FlashPlayer"
2026-06-08 21:09:11 | DEBUG    | CIA-Guardian | Executing CMD: reg query "HKLM\SOFTWARE\WOW6432Node\Macromedia\FlashPlayer"
2026-06-08 21:09:11 | DEBUG    | CIA-Guardian | Executing CMD: reg query "HKLM\SOFTWARE\Adobe\FlashPlayer"
2026-06-08 21:09:11 | DEBUG    | CIA-Guardian | Executing CMD: reg query "HKLM\SOFTWARE\Microsoft\Windows\CurrentVersion\Uninstall\Adobe Flash Player"
2026-06-08 21:09:11 | DEBUG    | CIA-Guardian | Executing PowerShell: Test-Path "$env:SYSTEMROOT\System32\Macromed\Flash\Flash*.ocx"
2026-06-08 21:09:11 | [32mINFO[0m | CIA-Guardian | pwsh not found, falling back to powershell
2026-06-08 21:09:11 | DEBUG    | CIA-Guardian | Executing PowerShell: Test-Path "$env:SYSTEMROOT\System32\Macromed\Flash\Flash*.ocx"
2026-06-08 21:09:14 | [32mINFO[0m | CIA-Guardian | [APPS-06] Already compliant
2026-06-08 21:09:14 | [32mINFO[0m | CIA-Guardian | [APPS-06] Flash Player Disabled: Compliant - Adobe Flash Player not detected on this system
2026-06-08 21:09:14 | [32mINFO[0m | CIA-Guardian | [APPS-07] Starting audit: .NET Strong Cryptography
2026-06-08 21:09:14 | DEBUG    | CIA-Guardian | Executing CMD: reg query "HKLM\SOFTWARE\Microsoft\.NETFramework\v4.0.30319" /v "SchUseStrongCrypto"
2026-06-08 21:09:14 | DEBUG    | CIA-Guardian | Executing CMD: reg query "HKLM\SOFTWARE\WOW6432Node\Microsoft\.NETFramework\v4.0.30319" /v "SchUseStrongCrypto"
2026-06-08 21:09:14 | DEBUG    | CIA-Guardian | Executing CMD: reg query "HKLM\SOFTWARE\Microsoft\.NETFramework\v4.0.30319" /v "SystemDefaultTlsVersions"
2026-06-08 21:09:14 | DEBUG    | CIA-Guardian | Executing CMD: reg query "HKLM\SOFTWARE\WOW6432Node\Microsoft\.NETFramework\v4.0.30319" /v "SystemDefaultTlsVersions"
2026-06-08 21:09:14 | [32mINFO[0m | CIA-Guardian | [APPS-07] Dry run - skipping remediation
2026-06-08 21:09:14 | [32mINFO[0m | CIA-Guardian | [APPS-07] .NET Strong Cryptography: Non-Compliant - ✗ SchUseStrongCrypto=None (expected 1); ✗ SchUseStrongCrypto=None (expected 1); ✗ SystemDefaultTlsVersions=None (expected 1); ✗ SystemDefaultTlsVersions=None (expected 1)
2026-06-08 21:09:14 | [32mINFO[0m | CIA-Guardian | [APPS-08] Starting audit: TLS 1.0/1.1 Disabled
2026-06-08 21:09:14 | DEBUG    | CIA-Guardian | Executing CMD: reg query "HKLM\SYSTEM\CurrentControlSet\Control\SecurityProviders\SCHANNEL\Protocols\TLS 1.0\Client" /v "Enabled"
2026-06-08 21:09:14 | DEBUG    | CIA-Guardian | Executing CMD: reg query "HKLM\SYSTEM\CurrentControlSet\Control\SecurityProviders\SCHANNEL\Protocols\TLS 1.0\Server" /v "Enabled"
2026-06-08 21:09:14 | DEBUG    | CIA-Guardian | Executing CMD: reg query "HKLM\SYSTEM\CurrentControlSet\Control\SecurityProviders\SCHANNEL\Protocols\TLS 1.1\Client" /v "Enabled"
2026-06-08 21:09:14 | DEBUG    | CIA-Guardian | Executing CMD: reg query "HKLM\SYSTEM\CurrentControlSet\Control\SecurityProviders\SCHANNEL\Protocols\TLS 1.1\Server" /v "Enabled"
2026-06-08 21:09:14 | [32mINFO[0m | CIA-Guardian | [APPS-08] Dry run - skipping remediation
2026-06-08 21:09:14 | [32mINFO[0m | CIA-Guardian | [APPS-08] TLS 1.0/1.1 Disabled: Non-Compliant - ✗ Enabled=None (expected 0); ✗ Enabled=None (expected 0); ✗ Enabled=None (expected 0); ✗ Enabled=None (expected 0)
2026-06-08 21:09:14 | [32mINFO[0m | CIA-Guardian | [APPS-09] Starting audit: SSL 2.0/3.0 Disabled
2026-06-08 21:09:14 | DEBUG    | CIA-Guardian | Executing CMD: reg query "HKLM\SYSTEM\CurrentControlSet\Control\SecurityProviders\SCHANNEL\Protocols\SSL 2.0\Client" /v "Enabled"
2026-06-08 21:09:14 | DEBUG    | CIA-Guardian | Executing CMD: reg query "HKLM\SYSTEM\CurrentControlSet\Control\SecurityProviders\SCHANNEL\Protocols\SSL 2.0\Server" /v "Enabled"
2026-06-08 21:09:14 | DEBUG    | CIA-Guardian | Executing CMD: reg query "HKLM\SYSTEM\CurrentControlSet\Control\SecurityProviders\SCHANNEL\Protocols\SSL 3.0\Client" /v "Enabled"
2026-06-08 21:09:14 | DEBUG    | CIA-Guardian | Executing CMD: reg query "HKLM\SYSTEM\CurrentControlSet\Control\SecurityProviders\SCHANNEL\Protocols\SSL 3.0\Server" /v "Enabled"
2026-06-08 21:09:15 | [32mINFO[0m | CIA-Guardian | [APPS-09] Dry run - skipping remediation
2026-06-08 21:09:15 | [32mINFO[0m | CIA-Guardian | [APPS-09] SSL 2.0/3.0 Disabled: Non-Compliant - ✗ Enabled=None (expected 0); ✗ Enabled=None (expected 0); ✗ Enabled=None (expected 0); ✗ Enabled=None (expected 0)
2026-06-08 21:09:15 | [32mINFO[0m | CIA-Guardian | [APPS-10] Starting audit: Certificate Padding Check
2026-06-08 21:09:15 | DEBUG    | CIA-Guardian | Executing CMD: reg query "HKLM\SOFTWARE\Microsoft\Cryptography\Wintrust\Config" /v "EnableCertPaddingCheck"
2026-06-08 21:09:15 | [32mINFO[0m | CIA-Guardian | [APPS-10] Dry run - skipping remediation
2026-06-08 21:09:15 | [32mINFO[0m | CIA-Guardian | [APPS-10] Certificate Padding Check: Non-Compliant - Registry value 'EnableCertPaddingCheck' not found
2026-06-08 21:09:15 | [32mINFO[0m | CIA-Guardian | [APPS-11] Starting audit: Application Whitelisting (WDAC/AppLocker)
2026-06-08 21:09:15 | DEBUG    | CIA-Guardian | Executing PowerShell: try { $policy = Get-CimInstance -Namespace root/Microsoft/Windows/CI -ClassName MSFT_CodeIntegrityPolicy -ErrorAction Stop; if ($policy) { Write-Output "WDAC_FOUND"; Write-Output "IsEnforced=$($policy.IsEnforced)"; Write-Output "IsAudit=$($policy.IsAuditMode)" } else { Write-Output "NO_WDAC" } } catch { Write-Output "WDAC_ERROR: $_" }
2026-06-08 21:09:15 | [32mINFO[0m | CIA-Guardian | pwsh not found, falling back to powershell
2026-06-08 21:09:15 | DEBUG    | CIA-Guardian | Executing PowerShell: try { $policy = Get-CimInstance -Namespace root/Microsoft/Windows/CI -ClassName MSFT_CodeIntegrityPolicy -ErrorAction Stop; if ($policy) { Write-Output "WDAC_FOUND"; Write-Output "IsEnforced=$($policy.IsEnforced)"; Write-Output "IsAudit=$($policy.IsAuditMode)" } else { Write-Output "NO_WDAC" } } catch { Write-Output "WDAC_ERROR: $_" }
2026-06-08 21:09:19 | DEBUG    | CIA-Guardian | Executing PowerShell: Get-Service -Name AppIDSvc -ErrorAction SilentlyContinue | Select-Object Status, StartType | ConvertTo-Json
2026-06-08 21:09:19 | [32mINFO[0m | CIA-Guardian | pwsh not found, falling back to powershell
2026-06-08 21:09:19 | DEBUG    | CIA-Guardian | Executing PowerShell: Get-Service -Name AppIDSvc -ErrorAction SilentlyContinue | Select-Object Status, StartType | ConvertTo-Json
2026-06-08 21:09:24 | DEBUG    | CIA-Guardian | Executing PowerShell: try { $policy = Get-AppLockerPolicy -Effective -ErrorAction Stop; if ($policy.RuleCollections.Count -gt 0) { $exe = ($policy.RuleCollections | Where-Object { $_.RuleCollectionType -eq "Exe" }); $script = ($policy.RuleCollections | Where-Object { $_.RuleCollectionType -eq "Script" }); Write-Output "APPLOCKER_FOUND"; Write-Output "ExeRules=$($exe.Count)"; Write-Output "ScriptRules=$($script.Count)"; Write-Output "EnforcementMode=$($exe.EnforcementMode)" } else { Write-Output "NO_RULES" } } catch { Write-Output "APPLOCKER_ERROR: $_" }
2026-06-08 21:09:24 | [32mINFO[0m | CIA-Guardian | pwsh not found, falling back to powershell
2026-06-08 21:09:24 | DEBUG    | CIA-Guardian | Executing PowerShell: try { $policy = Get-AppLockerPolicy -Effective -ErrorAction Stop; if ($policy.RuleCollections.Count -gt 0) { $exe = ($policy.RuleCollections | Where-Object { $_.RuleCollectionType -eq "Exe" }); $script = ($policy.RuleCollections | Where-Object { $_.RuleCollectionType -eq "Script" }); Write-Output "APPLOCKER_FOUND"; Write-Output "ExeRules=$($exe.Count)"; Write-Output "ScriptRules=$($script.Count)"; Write-Output "EnforcementMode=$($exe.EnforcementMode)" } else { Write-Output "NO_RULES" } } catch { Write-Output "APPLOCKER_ERROR: $_" }
2026-06-08 21:09:27 | [32mINFO[0m | CIA-Guardian | [APPS-11] Dry run - skipping remediation
2026-06-08 21:09:27 | [32mINFO[0m | CIA-Guardian | [APPS-11] Application Whitelisting (WDAC/AppLocker): Non-Compliant - No application whitelisting configured
2026-06-08 21:09:27 | [32mINFO[0m | CIA-Guardian | [APPS-12] Starting audit: PowerShell Constrained Language Mode
2026-06-08 21:09:27 | DEBUG    | CIA-Guardian | Executing PowerShell: $ExecutionContext.SessionState.LanguageMode
2026-06-08 21:09:27 | [32mINFO[0m | CIA-Guardian | pwsh not found, falling back to powershell
2026-06-08 21:09:27 | DEBUG    | CIA-Guardian | Executing PowerShell: $ExecutionContext.SessionState.LanguageMode
2026-06-08 21:09:29 | DEBUG    | CIA-Guardian | Executing PowerShell: [Environment]::GetEnvironmentVariable('__PSLockdownPolicy', 'Machine')
2026-06-08 21:09:29 | [32mINFO[0m | CIA-Guardian | pwsh not found, falling back to powershell
2026-06-08 21:09:29 | DEBUG    | CIA-Guardian | Executing PowerShell: [Environment]::GetEnvironmentVariable('__PSLockdownPolicy', 'Machine')
2026-06-08 21:09:32 | DEBUG    | CIA-Guardian | Executing PowerShell: 
            $ci = Get-CimInstance -ClassName Win32_DeviceGuard -Namespace root\Microsoft\Windows\DeviceGuard -ErrorAction SilentlyContinue
            if ($ci -and $ci.CodeIntegrityPolicyEnforcementStatus -eq 2) { "WDAC_ENFORCED" } else { "NO_WDAC" }
            
2026-06-08 21:09:32 | [32mINFO[0m | CIA-Guardian | pwsh not found, falling back to powershell
2026-06-08 21:09:32 | DEBUG    | CIA-Guardian | Executing PowerShell: 
            $ci = Get-CimInstance -ClassName Win32_DeviceGuard -Namespace root\Microsoft\Windows\DeviceGuard -ErrorAction SilentlyContinue
            if ($ci -and $ci.CodeIntegrityPolicyEnforcementStatus -eq 2) { "WDAC_ENFORCED" } else { "NO_WDAC" }
            
2026-06-08 21:09:36 | [32mINFO[0m | CIA-Guardian | [APPS-12] Already compliant
2026-06-08 21:09:36 | [32mINFO[0m | CIA-Guardian | [APPS-12] PowerShell Constrained Language Mode: Compliant - WDAC is enforcing Constrained Language Mode
2026-06-08 21:09:36 | [32mINFO[0m | CIA-Guardian | [SRVC-01] Starting audit: Print Spooler Disabled
2026-06-08 21:09:36 | DEBUG    | CIA-Guardian | Executing CMD: sc query Spooler
2026-06-08 21:09:36 | [32mINFO[0m | CIA-Guardian | [SRVC-01] Already compliant
2026-06-08 21:09:36 | [32mINFO[0m | CIA-Guardian | [SRVC-01] Print Spooler Disabled: Compliant - Service 'Spooler' is Stopped
2026-06-08 21:09:36 | [32mINFO[0m | CIA-Guardian | [SRVC-02] Starting audit: SSDP Discovery Disabled
2026-06-08 21:09:36 | DEBUG    | CIA-Guardian | Executing CMD: sc query SSDPSRV
2026-06-08 21:09:37 | [32mINFO[0m | CIA-Guardian | [SRVC-02] Dry run - skipping remediation
2026-06-08 21:09:37 | [32mINFO[0m | CIA-Guardian | [SRVC-02] SSDP Discovery Disabled: Non-Compliant - Service 'SSDPSRV' is Running
2026-06-08 21:09:37 | [32mINFO[0m | CIA-Guardian | [SRVC-03] Starting audit: UPnP Host Disabled
2026-06-08 21:09:37 | DEBUG    | CIA-Guardian | Executing CMD: sc query upnphost
2026-06-08 21:09:37 | [32mINFO[0m | CIA-Guardian | [SRVC-03] Already compliant
2026-06-08 21:09:37 | [32mINFO[0m | CIA-Guardian | [SRVC-03] UPnP Host Disabled: Compliant - Service 'upnphost' is Stopped
2026-06-08 21:09:37 | [32mINFO[0m | CIA-Guardian | [SRVC-04] Starting audit: Remote Desktop Services Disabled
2026-06-08 21:09:37 | DEBUG    | CIA-Guardian | Executing CMD: reg query "HKLM\SYSTEM\CurrentControlSet\Control\Terminal Server" /v "fDenyTSConnections"
2026-06-08 21:09:37 | DEBUG    | CIA-Guardian | Executing CMD: sc query TermService
2026-06-08 21:09:37 | [32mINFO[0m | CIA-Guardian | [SRVC-04] Dry run - skipping remediation
2026-06-08 21:09:37 | [32mINFO[0m | CIA-Guardian | [SRVC-04] Remote Desktop Services Disabled: Non-Compliant - Service 'TermService' is Running
2026-06-08 21:09:37 | [32mINFO[0m | CIA-Guardian | [SRVC-05] Starting audit: Telnet Client Disabled
2026-06-08 21:09:37 | DEBUG    | CIA-Guardian | Executing PowerShell: Get-WindowsOptionalFeature -Online -FeatureName TelnetClient | Select-Object -ExpandProperty State
2026-06-08 21:09:37 | [32mINFO[0m | CIA-Guardian | pwsh not found, falling back to powershell
2026-06-08 21:09:37 | DEBUG    | CIA-Guardian | Executing PowerShell: Get-WindowsOptionalFeature -Online -FeatureName TelnetClient | Select-Object -ExpandProperty State
2026-06-08 21:09:41 | DEBUG    | CIA-Guardian | Executing CMD: dism /online /get-featureinfo /featurename:TelnetClient
2026-06-08 21:09:41 | [32mINFO[0m | CIA-Guardian | [SRVC-05] Already compliant
2026-06-08 21:09:41 | [32mINFO[0m | CIA-Guardian | [SRVC-05] Telnet Client Disabled: Compliant - Telnet Client feature not found (not installed)
2026-06-08 21:09:41 | [32mINFO[0m | CIA-Guardian | [SRVC-06] Starting audit: TFTP Client Disabled
2026-06-08 21:09:41 | DEBUG    | CIA-Guardian | Executing PowerShell: Get-WindowsOptionalFeature -Online -FeatureName TFTP | Select-Object -ExpandProperty State
2026-06-08 21:09:41 | [32mINFO[0m | CIA-Guardian | pwsh not found, falling back to powershell
2026-06-08 21:09:41 | DEBUG    | CIA-Guardian | Executing PowerShell: Get-WindowsOptionalFeature -Online -FeatureName TFTP | Select-Object -ExpandProperty State
2026-06-08 21:09:44 | DEBUG    | CIA-Guardian | Executing CMD: dism /online /get-featureinfo /featurename:TFTP
2026-06-08 21:09:44 | [32mINFO[0m | CIA-Guardian | [SRVC-06] Already compliant
2026-06-08 21:09:44 | [32mINFO[0m | CIA-Guardian | [SRVC-06] TFTP Client Disabled: Compliant - TFTP Client feature not found
2026-06-08 21:09:44 | [32mINFO[0m | CIA-Guardian | [SRVC-07] Starting audit: WMP Network Sharing Disabled
2026-06-08 21:09:44 | DEBUG    | CIA-Guardian | Executing CMD: sc query WMPNetworkSvc
2026-06-08 21:09:45 | [32mINFO[0m | CIA-Guardian | [SRVC-07] Already compliant
2026-06-08 21:09:45 | [32mINFO[0m | CIA-Guardian | [SRVC-07] WMP Network Sharing Disabled: Compliant - Service 'WMPNetworkSvc' is Stopped
2026-06-08 21:09:45 | [32mINFO[0m | CIA-Guardian | [SRVC-08] Starting audit: Xbox Services Disabled
2026-06-08 21:09:45 | DEBUG    | CIA-Guardian | Executing CMD: sc query XblAuthManager
2026-06-08 21:09:45 | DEBUG    | CIA-Guardian | Executing CMD: sc query XblGameSave
2026-06-08 21:09:45 | DEBUG    | CIA-Guardian | Executing CMD: sc query XboxNetApiSvc
2026-06-08 21:09:45 | DEBUG    | CIA-Guardian | Executing CMD: sc query XboxGipSvc
2026-06-08 21:09:45 | [32mINFO[0m | CIA-Guardian | [SRVC-08] Already compliant
2026-06-08 21:09:45 | [32mINFO[0m | CIA-Guardian | [SRVC-08] Xbox Services Disabled: Compliant - Stopped: XblAuthManager, XblGameSave, XboxNetApiSvc, XboxGipSvc
2026-06-08 21:09:45 | [32mINFO[0m | CIA-Guardian | [SRVC-09] Starting audit: Fax Service Disabled
2026-06-08 21:09:45 | DEBUG    | CIA-Guardian | Executing CMD: sc query Fax
2026-06-08 21:09:45 | [32mINFO[0m | CIA-Guardian | [SRVC-09] Already compliant
2026-06-08 21:09:45 | [32mINFO[0m | CIA-Guardian | [SRVC-09] Fax Service Disabled: Compliant - Service 'Fax' is Stopped
2026-06-08 21:09:45 | [32mINFO[0m | CIA-Guardian | [SRVC-10] Starting audit: Bluetooth Support Disabled
2026-06-08 21:09:45 | DEBUG    | CIA-Guardian | Executing PowerShell: Get-PnpDevice -Class Bluetooth -ErrorAction SilentlyContinue | Measure-Object | Select-Object -ExpandProperty Count
2026-06-08 21:09:45 | [32mINFO[0m | CIA-Guardian | pwsh not found, falling back to powershell
2026-06-08 21:09:45 | DEBUG    | CIA-Guardian | Executing PowerShell: Get-PnpDevice -Class Bluetooth -ErrorAction SilentlyContinue | Measure-Object | Select-Object -ExpandProperty Count
2026-06-08 21:09:50 | DEBUG    | CIA-Guardian | Executing CMD: sc query bthserv
2026-06-08 21:09:50 | [32mINFO[0m | CIA-Guardian | [SRVC-10] Already compliant
2026-06-08 21:09:50 | [32mINFO[0m | CIA-Guardian | [SRVC-10] Bluetooth Support Disabled: Compliant - Service 'bthserv' is Stopped
2026-06-08 21:09:50 | [32mINFO[0m | CIA-Guardian | [SRVC-11] Starting audit: RD Gateway Requirement
2026-06-08 21:09:50 | DEBUG    | CIA-Guardian | Executing PowerShell: 
            $termSvc = Get-Service -Name TermService -ErrorAction SilentlyContinue
            $fDenyTSConnections = (Get-ItemProperty -Path 'HKLM:\SYSTEM\CurrentControlSet\Control\Terminal Server' -Name fDenyTSConnections -ErrorAction SilentlyContinue).fDenyTSConnections
            
            if ($termSvc -and $termSvc.Status -eq 'Running' -and $fDenyTSConnections -eq 0) {
                Write-Output "RDP_ENABLED"
            } else {
                Write-Output "RDP_DISABLED"
            }
            
2026-06-08 21:09:51 | [32mINFO[0m | CIA-Guardian | pwsh not found, falling back to powershell
2026-06-08 21:09:51 | DEBUG    | CIA-Guardian | Executing PowerShell: 
            $termSvc = Get-Service -Name TermService -ErrorAction SilentlyContinue
            $fDenyTSConnections = (Get-ItemProperty -Path 'HKLM:\SYSTEM\CurrentControlSet\Control\Terminal Server' -Name fDenyTSConnections -ErrorAction SilentlyContinue).fDenyTSConnections
            
            if ($termSvc -and $termSvc.Status -eq 'Running' -and $fDenyTSConnections -eq 0) {
                Write-Output "RDP_ENABLED"
            } else {
                Write-Output "RDP_DISABLED"
            }
            
2026-06-08 21:09:53 | DEBUG    | CIA-Guardian | Executing PowerShell: 
            $policyPath = 'HKLM:\SOFTWARE\Policies\Microsoft\Windows NT\Terminal Services'
            $result = @{
                GatewayUsage = $null
                GatewayHostname = $null
            }
            
            if (Test-Path $policyPath) {
                $result.GatewayUsage = (Get-ItemProperty -Path $policyPath -Name 'GatewayUsage' -ErrorAction SilentlyContinue).GatewayUsage
                $result.GatewayHostname = (Get-ItemProperty -Path $policyPath -Name 'GatewayHostname' -ErrorAction SilentlyContinue).GatewayHostname
            }
            
            # GatewayUsage values:
            # 0 = Do not use
            # 1 = Use these settings
            # 2 = Use default settings
            # 3 = Auto detect
            # 4 = Never use
            
            if ($result.GatewayUsage -eq 1 -and $result.GatewayHostname) {
                Write-Output "GATEWAY_CONFIGURED:$($result.GatewayHostname)"
            } elseif ($result.GatewayUsage -in @(0, 4)) {
                Write-Output "GATEWAY_DISABLED"
            } else {
                Write-Output "GATEWAY_NOT_CONFIGURED"
            }
            
2026-06-08 21:09:54 | [32mINFO[0m | CIA-Guardian | pwsh not found, falling back to powershell
2026-06-08 21:09:54 | DEBUG    | CIA-Guardian | Executing PowerShell: 
            $policyPath = 'HKLM:\SOFTWARE\Policies\Microsoft\Windows NT\Terminal Services'
            $result = @{
                GatewayUsage = $null
                GatewayHostname = $null
            }
            
            if (Test-Path $policyPath) {
                $result.GatewayUsage = (Get-ItemProperty -Path $policyPath -Name 'GatewayUsage' -ErrorAction SilentlyContinue).GatewayUsage
                $result.GatewayHostname = (Get-ItemProperty -Path $policyPath -Name 'GatewayHostname' -ErrorAction SilentlyContinue).GatewayHostname
            }
            
            # GatewayUsage values:
            # 0 = Do not use
            # 1 = Use these settings
            # 2 = Use default settings
            # 3 = Auto detect
            # 4 = Never use
            
            if ($result.GatewayUsage -eq 1 -and $result.GatewayHostname) {
                Write-Output "GATEWAY_CONFIGURED:$($result.GatewayHostname)"
            } elseif ($result.GatewayUsage -in @(0, 4)) {
                Write-Output "GATEWAY_DISABLED"
            } else {
                Write-Output "GATEWAY_NOT_CONFIGURED"
            }
            
2026-06-08 21:09:57 | [32mINFO[0m | CIA-Guardian | [SRVC-11] Dry run - skipping remediation
2026-06-08 21:09:57 | [32mINFO[0m | CIA-Guardian | [SRVC-11] RD Gateway Requirement: Non-Compliant - Remote Desktop is enabled but RD Gateway is not configured
2026-06-08 21:09:57 | [32mINFO[0m | CIA-Guardian | Total Controls: 99
2026-06-08 21:09:57 | [32mINFO[0m | CIA-Guardian | [32m[+][0m Compliant: 31
2026-06-08 21:09:57 | [31mERROR[0m | CIA-Guardian | [31m[-][0m Non-Compliant: 55
2026-06-08 21:09:57 | [33mWARNING[0m | CIA-Guardian | [33m[!][0m Errors: 8
2026-06-08 21:09:57 | [32mINFO[0m | CIA-Guardian | [34m[*][0m Not Applicable: 5
2026-06-08 21:09:57 | [32mINFO[0m | CIA-Guardian | Security Score: 34.2% (Grade: F)
2026-06-08 21:09:57 | [32mINFO[0m | CIA-Guardian | Compliance: 33.0%
2026-06-08 21:09:57 | [32mINFO[0m | CIA-Guardian | Execution Time: 3.3 minutes (sequential mode)
2026-06-08 21:09:57 | [32mINFO[0m | CIA-Guardian | [32m[+][0m HTML Report: D:\Python\github\CIA_GUARDIAN\reports\cia_guardian_report_20260608_210957.html
2026-06-08 21:09:57 | [32mINFO[0m | CIA-Guardian | [32m[+][0m PDF Certificate: D:\Python\github\CIA_GUARDIAN\reports\cia_guardian_certificate_20260608_210957.pdf
