2026-02-09 20:12:34 | DEBUG    | CIA-Guardian | GuardianEngine initialized
2026-02-09 20:12:34 | DEBUG    | CIA-Guardian | Executing CMD: pwsh -NoProfile -Command "$PSVersionTable.PSVersion.ToString()"
2026-02-09 20:12:34 | DEBUG    | CIA-Guardian | Executing PowerShell: $PSVersionTable.PSVersion.ToString()
2026-02-09 20:12:37 | DEBUG    | CIA-Guardian | Executing CMD: net session 2>&1
2026-02-09 20:12:37 | [33mWARNING[0m | CIA-Guardian | Access Denied for command: net session 2>&1
2026-02-09 20:12:37 | DEBUG    | CIA-Guardian | Executing CMD: sc query WinDefend
2026-02-09 20:12:37 | DEBUG    | CIA-Guardian | Executing CMD: sc query EventLog
2026-02-09 20:12:37 | DEBUG    | CIA-Guardian | Executing CMD: sc query Schedule
2026-02-09 20:12:37 | [32mINFO[0m | CIA-Guardian | [32m[+][0m All pre-flight checks passed
2026-02-09 20:12:37 | DEBUG    | CIA-Guardian | Executing CMD: net session 2>&1
2026-02-09 20:12:37 | [33mWARNING[0m | CIA-Guardian | Access Denied for command: net session 2>&1
2026-02-09 20:12:37 | DEBUG    | CIA-Guardian | Executing CMD: ver
2026-02-09 20:12:37 | [32mINFO[0m | CIA-Guardian | Hostname: DESKTOP-BUCUD55
2026-02-09 20:12:37 | [32mINFO[0m | CIA-Guardian | OS: Windows 10.0.22631
2026-02-09 20:12:37 | [32mINFO[0m | CIA-Guardian | User: DESKTOP-BUCUD55\Razmy
2026-02-09 20:12:37 | [32mINFO[0m | CIA-Guardian | Administrator: No
2026-02-09 20:12:37 | [33mWARNING[0m | CIA-Guardian | [33m[!][0m Running without administrator privileges - some checks may fail
2026-02-09 20:12:37 | [32mINFO[0m | CIA-Guardian | [34m[*][0m Mode: DRY RUN (Audit Only)
2026-02-09 20:12:37 | [32mINFO[0m | CIA-Guardian | Controls to audit: 85
2026-02-09 20:12:37 | [32mINFO[0m | CIA-Guardian | Execution: parallel (8 workers)
2026-02-09 20:12:37 | [32mINFO[0m | CIA-Guardian | SFC (INTG-05) will run in background with 45 min timeout
2026-02-09 20:12:37 | INFO     | CIA-Guardian | Starting SFC (INTG-05) in background thread...
2026-02-09 20:12:37 | INFO     | CIA-Guardian | [INTG-05] SFC background task started (timeout: 2700s)
2026-02-09 20:12:37 | INFO     | CIA-Guardian | Executing 84 controls with 8 workers...
2026-02-09 20:12:37 | INFO     | CIA-Guardian | [INTG-05] Starting audit: System File Integrity
2026-02-09 20:12:37 | DEBUG    | CIA-Guardian | Executing CMD: sfc /verifyonly
2026-02-09 20:12:37 | INFO     | CIA-Guardian | [CONF-01] Starting audit: BitLocker Encryption
2026-02-09 20:12:37 | DEBUG    | CIA-Guardian | Executing CMD: manage-bde -status C:
2026-02-09 20:12:37 | INFO     | CIA-Guardian | [CONF-02] Starting audit: SMB1 Protocol Disabled
2026-02-09 20:12:37 | DEBUG    | CIA-Guardian | Executing PowerShell: Get-WindowsOptionalFeature -Online -FeatureName SMB1Protocol | Select-Object -ExpandProperty State
2026-02-09 20:12:37 | INFO     | CIA-Guardian | pwsh not found, falling back to powershell
2026-02-09 20:12:37 | DEBUG    | CIA-Guardian | Executing PowerShell: Get-WindowsOptionalFeature -Online -FeatureName SMB1Protocol | Select-Object -ExpandProperty State
2026-02-09 20:12:37 | INFO     | CIA-Guardian | [CONF-03] Starting audit: Administrative Shares Disabled
2026-02-09 20:12:37 | DEBUG    | CIA-Guardian | Executing CMD: net share
2026-02-09 20:12:37 | INFO     | CIA-Guardian | [CONF-04] Starting audit: SMB Signing Required
2026-02-09 20:12:37 | DEBUG    | CIA-Guardian | Executing CMD: reg query "HKLM\SYSTEM\CurrentControlSet\Services\LanmanServer\Parameters" /v "RequireSecuritySignature"
2026-02-09 20:12:37 | INFO     | CIA-Guardian | [CONF-05] Starting audit: Guest Account Disabled
2026-02-09 20:12:37 | DEBUG    | CIA-Guardian | Executing PowerShell: (Get-LocalUser -Name "Guest" -ErrorAction SilentlyContinue).Enabled
2026-02-09 20:12:38 | INFO     | CIA-Guardian | pwsh not found, falling back to powershell
2026-02-09 20:12:38 | DEBUG    | CIA-Guardian | Executing PowerShell: (Get-LocalUser -Name "Guest" -ErrorAction SilentlyContinue).Enabled
2026-02-09 20:12:38 | INFO     | CIA-Guardian | [CONF-06] Starting audit: RDP Network Level Authentication
2026-02-09 20:12:38 | DEBUG    | CIA-Guardian | Executing CMD: reg query "HKLM\SYSTEM\CurrentControlSet\Control\Terminal Server\WinStations\RDP-Tcp" /v "UserAuthentication"
2026-02-09 20:12:38 | INFO     | CIA-Guardian | [CONF-07] Starting audit: Remote Registry Disabled
2026-02-09 20:12:38 | DEBUG    | CIA-Guardian | Executing CMD: sc query RemoteRegistry
2026-02-09 20:12:38 | INFO     | CIA-Guardian | [CONF-08] Starting audit: AutoPlay Disabled
2026-02-09 20:12:38 | DEBUG    | CIA-Guardian | Executing CMD: reg query "HKLM\SOFTWARE\Microsoft\Windows\CurrentVersion\Policies\Explorer" /v "NoDriveTypeAutoRun"
2026-02-09 20:12:38 | ERROR    | CIA-Guardian | [INTG-05] Audit failed: None
2026-02-09 20:12:38 | INFO     | CIA-Guardian | [INTG-05] SFC completed in 0s with status: Error
2026-02-09 20:12:38 | INFO     | CIA-Guardian | [CONF-07] Already compliant
2026-02-09 20:12:38 | INFO     | CIA-Guardian | [CONF-09] Starting audit: Anonymous Enumeration Disabled
2026-02-09 20:12:38 | DEBUG    | CIA-Guardian | Executing CMD: reg query "HKLM\SYSTEM\CurrentControlSet\Control\Lsa" /v "RestrictAnonymous"
2026-02-09 20:12:38 | DEBUG    | CIA-Guardian | [CONF-07] Completed: Compliant
2026-02-09 20:12:38 | INFO     | CIA-Guardian | [CONF-08] Dry run - skipping remediation
2026-02-09 20:12:38 | INFO     | CIA-Guardian | [CONF-10] Starting audit: NTLM Restriction
2026-02-09 20:12:38 | DEBUG    | CIA-Guardian | [CONF-08] Completed: Non-Compliant
2026-02-09 20:12:38 | DEBUG    | CIA-Guardian | Executing CMD: reg query "HKLM\SYSTEM\CurrentControlSet\Control\Lsa" /v "LMCompatibilityLevel"
2026-02-09 20:12:39 | INFO     | CIA-Guardian | [CONF-03] Dry run - skipping remediation
2026-02-09 20:12:39 | INFO     | CIA-Guardian | [CONF-11] Starting audit: WDigest Disabled
2026-02-09 20:12:39 | DEBUG    | CIA-Guardian | [CONF-03] Completed: Non-Compliant
2026-02-09 20:12:39 | DEBUG    | CIA-Guardian | Executing CMD: reg query "HKLM\SYSTEM\CurrentControlSet\Control\SecurityProviders\WDigest" /v "UseLogonCredential"
2026-02-09 20:12:39 | INFO     | CIA-Guardian | [CONF-06] Already compliant
2026-02-09 20:12:39 | INFO     | CIA-Guardian | [CONF-12] Starting audit: Cached Credentials Limited
2026-02-09 20:12:39 | DEBUG    | CIA-Guardian | [CONF-06] Completed: Compliant
2026-02-09 20:12:39 | DEBUG    | CIA-Guardian | Executing CMD: reg query "HKLM\SOFTWARE\Microsoft\Windows NT\CurrentVersion\Winlogon" /v "CachedLogonsCount"
2026-02-09 20:12:39 | INFO     | CIA-Guardian | [CONF-09] Dry run - skipping remediation
2026-02-09 20:12:39 | INFO     | CIA-Guardian | [CONF-13] Starting audit: LAN Manager Hash Disabled
2026-02-09 20:12:39 | DEBUG    | CIA-Guardian | [CONF-09] Completed: Non-Compliant
2026-02-09 20:12:39 | DEBUG    | CIA-Guardian | Executing CMD: reg query "HKLM\SYSTEM\CurrentControlSet\Control\Lsa" /v "NoLMHash"
2026-02-09 20:12:39 | INFO     | CIA-Guardian | [CONF-10] Dry run - skipping remediation
2026-02-09 20:12:39 | INFO     | CIA-Guardian | [CONF-14] Starting audit: Anonymous SAM Access Disabled
2026-02-09 20:12:39 | DEBUG    | CIA-Guardian | Executing CMD: reg query "HKLM\SYSTEM\CurrentControlSet\Control\Lsa" /v "RestrictAnonymousSAM"
2026-02-09 20:12:39 | DEBUG    | CIA-Guardian | [CONF-10] Completed: Non-Compliant
2026-02-09 20:12:39 | INFO     | CIA-Guardian | [CONF-04] Dry run - skipping remediation
2026-02-09 20:12:39 | INFO     | CIA-Guardian | [CONF-15] Starting audit: Null Session Pipes Empty
2026-02-09 20:12:39 | DEBUG    | CIA-Guardian | [CONF-04] Completed: Non-Compliant
2026-02-09 20:12:39 | DEBUG    | CIA-Guardian | Executing CMD: reg query "HKLM\SYSTEM\CurrentControlSet\Services\LanmanServer\Parameters" /v "NullSessionPipes"
2026-02-09 20:12:39 | INFO     | CIA-Guardian | [CONF-11] Dry run - skipping remediation
2026-02-09 20:12:39 | INFO     | CIA-Guardian | [CONF-16] Starting audit: Printer Driver Installation Restricted
2026-02-09 20:12:39 | DEBUG    | CIA-Guardian | [CONF-11] Completed: Non-Compliant
2026-02-09 20:12:39 | DEBUG    | CIA-Guardian | Executing CMD: reg query "HKLM\SYSTEM\CurrentControlSet\Control\Print\Providers\LanMan Print Services\Servers" /v "AddPrinterDrivers"
2026-02-09 20:12:40 | INFO     | CIA-Guardian | [CONF-15] Dry run - skipping remediation
2026-02-09 20:12:40 | INFO     | CIA-Guardian | [CONF-17] Starting audit: Always Install Elevated Disabled
2026-02-09 20:12:40 | DEBUG    | CIA-Guardian | [CONF-15] Completed: Non-Compliant
2026-02-09 20:12:40 | DEBUG    | CIA-Guardian | Executing CMD: reg query "HKLM\SOFTWARE\Policies\Microsoft\Windows\Installer" /v "AlwaysInstallElevated"
2026-02-09 20:12:40 | INFO     | CIA-Guardian | [CONF-12] Dry run - skipping remediation
2026-02-09 20:12:40 | INFO     | CIA-Guardian | [CONF-18] Starting audit: Telemetry Level Restricted
2026-02-09 20:12:40 | DEBUG    | CIA-Guardian | [CONF-12] Completed: Non-Compliant
2026-02-09 20:12:40 | DEBUG    | CIA-Guardian | Executing CMD: reg query "HKLM\SOFTWARE\Policies\Microsoft\Windows\DataCollection" /v "AllowTelemetry"
2026-02-09 20:12:41 | INFO     | CIA-Guardian | [CONF-14] Already compliant
2026-02-09 20:12:41 | INFO     | CIA-Guardian | [INTG-01] Starting audit: Defender Real-time Protection
2026-02-09 20:12:41 | DEBUG    | CIA-Guardian | [CONF-14] Completed: Compliant
2026-02-09 20:12:41 | DEBUG    | CIA-Guardian | Executing PowerShell: Get-MpPreference | Select-Object -ExpandProperty DisableRealtimeMonitoring
2026-02-09 20:12:41 | INFO     | CIA-Guardian | pwsh not found, falling back to powershell
2026-02-09 20:12:41 | DEBUG    | CIA-Guardian | Executing PowerShell: Get-MpPreference | Select-Object -ExpandProperty DisableRealtimeMonitoring
2026-02-09 20:12:41 | INFO     | CIA-Guardian | [CONF-13] Already compliant
2026-02-09 20:12:41 | INFO     | CIA-Guardian | [INTG-02] Starting audit: UAC Configuration
2026-02-09 20:12:41 | DEBUG    | CIA-Guardian | [CONF-13] Completed: Compliant
2026-02-09 20:12:41 | DEBUG    | CIA-Guardian | Executing CMD: reg query "HKLM\SOFTWARE\Microsoft\Windows\CurrentVersion\Policies\System" /v "ConsentPromptBehaviorAdmin"
2026-02-09 20:12:41 | DEBUG    | CIA-Guardian | Executing CMD: reg query "HKCU\SOFTWARE\Policies\Microsoft\Windows\Installer" /v "AlwaysInstallElevated"
2026-02-09 20:12:42 | INFO     | CIA-Guardian | [CONF-18] Dry run - skipping remediation
2026-02-09 20:12:42 | INFO     | CIA-Guardian | [INTG-03] Starting audit: PowerShell Execution Policy
2026-02-09 20:12:42 | DEBUG    | CIA-Guardian | [CONF-18] Completed: Non-Compliant
2026-02-09 20:12:42 | DEBUG    | CIA-Guardian | Executing PowerShell: Get-ExecutionPolicy -Scope LocalMachine
2026-02-09 20:12:42 | INFO     | CIA-Guardian | pwsh not found, falling back to powershell
2026-02-09 20:12:42 | DEBUG    | CIA-Guardian | Executing PowerShell: Get-ExecutionPolicy -Scope LocalMachine
2026-02-09 20:12:42 | INFO     | CIA-Guardian | [CONF-16] Dry run - skipping remediation
2026-02-09 20:12:42 | INFO     | CIA-Guardian | [INTG-04] Starting audit: Logon Audit Policy
2026-02-09 20:12:42 | DEBUG    | CIA-Guardian | [CONF-16] Completed: Non-Compliant
2026-02-09 20:12:42 | DEBUG    | CIA-Guardian | Executing CMD: auditpol /get /subcategory:"Logon"
2026-02-09 20:12:43 | INFO     | CIA-Guardian | [INTG-02] Already compliant
2026-02-09 20:12:43 | INFO     | CIA-Guardian | [INTG-06] Starting audit: LSA Protection (RunAsPPL)
2026-02-09 20:12:43 | DEBUG    | CIA-Guardian | [INTG-02] Completed: Compliant
2026-02-09 20:12:43 | DEBUG    | CIA-Guardian | Executing CMD: reg query "HKLM\SYSTEM\CurrentControlSet\Control\Lsa" /v "RunAsPPL"
2026-02-09 20:12:43 | INFO     | CIA-Guardian | [CONF-17] Already compliant
2026-02-09 20:12:43 | INFO     | CIA-Guardian | [INTG-07] Starting audit: Credential Guard
2026-02-09 20:12:43 | DEBUG    | CIA-Guardian | [CONF-17] Completed: Compliant
2026-02-09 20:12:43 | DEBUG    | CIA-Guardian | Executing PowerShell: 
                $dg = Get-CimInstance -ClassName Win32_DeviceGuard -Namespace root\Microsoft\Windows\DeviceGuard -ErrorAction SilentlyContinue
                if ($dg) {
                    $securityServicesRunning = $dg.SecurityServicesRunning
                    if ($securityServicesRunning -contains 1) {
                        Write-Output "CredentialGuard: Enabled"
                    } else {
                        Write-Output "CredentialGuard: Disabled"
                    }
                    Write-Output "VBS Status: $($dg.VirtualizationBasedSecurityStatus)"
                } else {
                    Write-Output "DeviceGuard: Not available"
                }
                
2026-02-09 20:12:44 | ERROR    | CIA-Guardian | [CONF-01] Audit failed: 
2026-02-09 20:12:44 | INFO     | CIA-Guardian | [INTG-08] Starting audit: Secure Boot Enabled
2026-02-09 20:12:44 | DEBUG    | CIA-Guardian | [CONF-01] Completed: Error
2026-02-09 20:12:44 | DEBUG    | CIA-Guardian | Executing PowerShell: Confirm-SecureBootUEFI
2026-02-09 20:12:44 | INFO     | CIA-Guardian | pwsh not found, falling back to powershell
2026-02-09 20:12:44 | DEBUG    | CIA-Guardian | Executing PowerShell: Confirm-SecureBootUEFI
2026-02-09 20:12:44 | ERROR    | CIA-Guardian | [INTG-04] Audit failed: Error 0x00000522 occurred:
A required privilege is not held by the client.
2026-02-09 20:12:44 | INFO     | CIA-Guardian | [INTG-09] Starting audit: Driver Signature Enforcement
2026-02-09 20:12:44 | DEBUG    | CIA-Guardian | [INTG-04] Completed: Error
2026-02-09 20:12:44 | DEBUG    | CIA-Guardian | Executing CMD: bcdedit /enum {current}
2026-02-09 20:12:44 | INFO     | CIA-Guardian | pwsh not found, falling back to powershell
2026-02-09 20:12:44 | DEBUG    | CIA-Guardian | Executing PowerShell: 
                $dg = Get-CimInstance -ClassName Win32_DeviceGuard -Namespace root\Microsoft\Windows\DeviceGuard -ErrorAction SilentlyContinue
                if ($dg) {
                    $securityServicesRunning = $dg.SecurityServicesRunning
                    if ($securityServicesRunning -contains 1) {
                        Write-Output "CredentialGuard: Enabled"
                    } else {
                        Write-Output "CredentialGuard: Disabled"
                    }
                    Write-Output "VBS Status: $($dg.VirtualizationBasedSecurityStatus)"
                } else {
                    Write-Output "DeviceGuard: Not available"
                }
                
2026-02-09 20:12:46 | INFO     | CIA-Guardian | [INTG-06] Dry run - skipping remediation
2026-02-09 20:12:46 | INFO     | CIA-Guardian | [INTG-10] Starting audit: PowerShell Script Block Logging
2026-02-09 20:12:46 | DEBUG    | CIA-Guardian | Executing CMD: reg query "HKLM\SOFTWARE\Policies\Microsoft\Windows\PowerShell\ScriptBlockLogging" /v "EnableScriptBlockLogging"
2026-02-09 20:12:46 | DEBUG    | CIA-Guardian | [INTG-06] Completed: Non-Compliant
2026-02-09 20:12:46 | INFO     | CIA-Guardian | [CONF-05] Already compliant
2026-02-09 20:12:46 | INFO     | CIA-Guardian | [INTG-11] Starting audit: PowerShell Transcription
2026-02-09 20:12:46 | DEBUG    | CIA-Guardian | [CONF-05] Completed: Compliant
2026-02-09 20:12:46 | DEBUG    | CIA-Guardian | Executing CMD: reg query "HKLM\SOFTWARE\Policies\Microsoft\Windows\PowerShell\Transcription" /v "EnableTranscripting"
2026-02-09 20:12:47 | ERROR    | CIA-Guardian | [INTG-09] Audit failed: 
2026-02-09 20:12:47 | INFO     | CIA-Guardian | [INTG-12] Starting audit: Command Line Auditing
2026-02-09 20:12:47 | DEBUG    | CIA-Guardian | [INTG-09] Completed: Error
2026-02-09 20:12:47 | DEBUG    | CIA-Guardian | Executing CMD: reg query "HKLM\SOFTWARE\Microsoft\Windows\CurrentVersion\Policies\System\Audit" /v "ProcessCreationIncludeCmdLine_Enabled"
2026-02-09 20:12:50 | INFO     | CIA-Guardian | [INTG-11] Dry run - skipping remediation
2026-02-09 20:12:50 | INFO     | CIA-Guardian | [INTG-13] Starting audit: Object Access Audit
2026-02-09 20:12:50 | DEBUG    | CIA-Guardian | [INTG-11] Completed: Non-Compliant
2026-02-09 20:12:50 | DEBUG    | CIA-Guardian | Executing CMD: auditpol /get /subcategory:"File System"
2026-02-09 20:12:50 | INFO     | CIA-Guardian | [INTG-10] Dry run - skipping remediation
2026-02-09 20:12:50 | INFO     | CIA-Guardian | [INTG-14] Starting audit: Privilege Use Audit
2026-02-09 20:12:50 | DEBUG    | CIA-Guardian | [INTG-10] Completed: Non-Compliant
2026-02-09 20:12:50 | DEBUG    | CIA-Guardian | Executing CMD: auditpol /get /subcategory:"Sensitive Privilege Use"
2026-02-09 20:12:51 | INFO     | CIA-Guardian | [INTG-12] Dry run - skipping remediation
2026-02-09 20:12:51 | INFO     | CIA-Guardian | [INTG-15] Starting audit: Policy Change Audit
2026-02-09 20:12:51 | DEBUG    | CIA-Guardian | [INTG-12] Completed: Non-Compliant
2026-02-09 20:12:51 | DEBUG    | CIA-Guardian | Executing CMD: auditpol /get /subcategory:"Audit Policy Change"
2026-02-09 20:12:52 | DEBUG    | CIA-Guardian | Executing PowerShell: Get-SmbServerConfiguration | Select-Object -ExpandProperty EnableSMB1Protocol
2026-02-09 20:12:52 | INFO     | CIA-Guardian | pwsh not found, falling back to powershell
2026-02-09 20:12:52 | DEBUG    | CIA-Guardian | Executing PowerShell: Get-SmbServerConfiguration | Select-Object -ExpandProperty EnableSMB1Protocol
2026-02-09 20:12:53 | ERROR    | CIA-Guardian | [INTG-15] Audit failed: Error 0x00000522 occurred:
A required privilege is not held by the client.
2026-02-09 20:12:53 | INFO     | CIA-Guardian | [INTG-16] Starting audit: SEHOP Enabled
2026-02-09 20:12:53 | DEBUG    | CIA-Guardian | [INTG-15] Completed: Error
2026-02-09 20:12:53 | DEBUG    | CIA-Guardian | Executing CMD: reg query "HKLM\SYSTEM\CurrentControlSet\Control\Session Manager\kernel" /v "DisableExceptionChainValidation"
2026-02-09 20:12:53 | INFO     | CIA-Guardian | [INTG-03] Dry run - skipping remediation
2026-02-09 20:12:53 | INFO     | CIA-Guardian | [INTG-17] Starting audit: DEP/NX Enabled
2026-02-09 20:12:53 | DEBUG    | CIA-Guardian | [INTG-03] Completed: Non-Compliant
2026-02-09 20:12:53 | DEBUG    | CIA-Guardian | Executing CMD: bcdedit /enum {current}
2026-02-09 20:12:53 | ERROR    | CIA-Guardian | [INTG-13] Audit failed: Error 0x00000522 occurred:
A required privilege is not held by the client.
2026-02-09 20:12:53 | INFO     | CIA-Guardian | [INTG-18] Starting audit: ASLR Enabled
2026-02-09 20:12:53 | DEBUG    | CIA-Guardian | [INTG-13] Completed: Error
2026-02-09 20:12:53 | DEBUG    | CIA-Guardian | Executing PowerShell: Get-ProcessMitigation -System | Select-Object -ExpandProperty ASLR | Format-List
2026-02-09 20:12:54 | INFO     | CIA-Guardian | pwsh not found, falling back to powershell
2026-02-09 20:12:54 | DEBUG    | CIA-Guardian | Executing PowerShell: Get-ProcessMitigation -System | Select-Object -ExpandProperty ASLR | Format-List
2026-02-09 20:12:55 | ERROR    | CIA-Guardian | [INTG-14] Audit failed: Error 0x00000522 occurred:
A required privilege is not held by the client.
2026-02-09 20:12:55 | INFO     | CIA-Guardian | [AVBL-01] Starting audit: Windows Firewall
2026-02-09 20:12:55 | DEBUG    | CIA-Guardian | [INTG-14] Completed: Error
2026-02-09 20:12:55 | DEBUG    | CIA-Guardian | Executing CMD: netsh advfirewall show allprofiles
2026-02-09 20:12:55 | ERROR    | CIA-Guardian | [INTG-17] Audit failed: 
2026-02-09 20:12:55 | INFO     | CIA-Guardian | [AVBL-02] Starting audit: Volume Shadow Copy Service
2026-02-09 20:12:55 | DEBUG    | CIA-Guardian | [INTG-17] Completed: Error
2026-02-09 20:12:55 | DEBUG    | CIA-Guardian | Executing CMD: sc query vss
2026-02-09 20:12:56 | INFO     | CIA-Guardian | [INTG-16] Already compliant
2026-02-09 20:12:56 | INFO     | CIA-Guardian | [AVBL-03] Starting audit: Virtual Memory Configuration
2026-02-09 20:12:56 | DEBUG    | CIA-Guardian | Executing CMD: wmic pagefile list /format:list
2026-02-09 20:12:56 | DEBUG    | CIA-Guardian | [INTG-16] Completed: Compliant
2026-02-09 20:12:57 | INFO     | CIA-Guardian | [AVBL-02] Dry run - skipping remediation
2026-02-09 20:12:57 | INFO     | CIA-Guardian | [AVBL-04] Starting audit: Windows Time Service
2026-02-09 20:12:57 | DEBUG    | CIA-Guardian | [AVBL-02] Completed: Non-Compliant
2026-02-09 20:12:57 | DEBUG    | CIA-Guardian | Executing PowerShell: Get-Service W32Time | Select-Object -ExpandProperty Status
2026-02-09 20:12:57 | INFO     | CIA-Guardian | pwsh not found, falling back to powershell
2026-02-09 20:12:57 | DEBUG    | CIA-Guardian | Executing PowerShell: Get-Service W32Time | Select-Object -ExpandProperty Status
2026-02-09 20:12:59 | INFO     | CIA-Guardian | [INTG-01] Already compliant
2026-02-09 20:12:59 | INFO     | CIA-Guardian | [AVBL-05] Starting audit: Password Minimum Length
2026-02-09 20:12:59 | DEBUG    | CIA-Guardian | [INTG-01] Completed: Compliant
2026-02-09 20:12:59 | DEBUG    | CIA-Guardian | Executing CMD: net accounts
2026-02-09 20:13:00 | INFO     | CIA-Guardian | [AVBL-03] Dry run - skipping remediation
2026-02-09 20:13:00 | INFO     | CIA-Guardian | [AVBL-06] Starting audit: Password Complexity
2026-02-09 20:13:00 | DEBUG    | CIA-Guardian | [AVBL-03] Completed: Non-Compliant
2026-02-09 20:13:00 | DEBUG    | CIA-Guardian | Executing CMD: secedit /export /cfg %TEMP%\secpol.cfg /quiet
2026-02-09 20:13:01 | INFO     | CIA-Guardian | [INTG-08] Dry run - skipping remediation
2026-02-09 20:13:01 | INFO     | CIA-Guardian | [AVBL-07] Starting audit: Account Lockout Threshold
2026-02-09 20:13:01 | DEBUG    | CIA-Guardian | [INTG-08] Completed: Non-Compliant
2026-02-09 20:13:01 | DEBUG    | CIA-Guardian | Executing CMD: net accounts
2026-02-09 20:13:02 | ERROR    | CIA-Guardian | [AVBL-06] Audit failed: 
2026-02-09 20:13:02 | INFO     | CIA-Guardian | [AVBL-08] Starting audit: Account Lockout Duration
2026-02-09 20:13:02 | DEBUG    | CIA-Guardian | [AVBL-06] Completed: Error
2026-02-09 20:13:02 | DEBUG    | CIA-Guardian | Executing CMD: net accounts
2026-02-09 20:13:03 | INFO     | CIA-Guardian | [AVBL-01] Already compliant
2026-02-09 20:13:03 | INFO     | CIA-Guardian | [AVBL-09] Starting audit: Password History
2026-02-09 20:13:03 | DEBUG    | CIA-Guardian | [AVBL-01] Completed: Compliant
2026-02-09 20:13:03 | DEBUG    | CIA-Guardian | Executing CMD: net accounts
2026-02-09 20:13:04 | INFO     | CIA-Guardian | [AVBL-05] Dry run - skipping remediation
2026-02-09 20:13:04 | INFO     | CIA-Guardian | [AVBL-10] Starting audit: Password Maximum Age
2026-02-09 20:13:04 | DEBUG    | CIA-Guardian | [AVBL-05] Completed: Non-Compliant
2026-02-09 20:13:04 | DEBUG    | CIA-Guardian | Executing CMD: net accounts
2026-02-09 20:13:04 | INFO     | CIA-Guardian | [AVBL-07] Dry run - skipping remediation
2026-02-09 20:13:04 | INFO     | CIA-Guardian | [AVBL-11] Starting audit: Windows Update Service
2026-02-09 20:13:04 | DEBUG    | CIA-Guardian | [AVBL-07] Completed: Non-Compliant
2026-02-09 20:13:04 | DEBUG    | CIA-Guardian | Executing CMD: sc query wuauserv
2026-02-09 20:13:05 | DEBUG    | CIA-Guardian | Executing CMD: reg query "HKLM\SYSTEM\CurrentControlSet\Control\Session Manager\Memory Management" /v "MoveImages"
2026-02-09 20:13:05 | INFO     | CIA-Guardian | [AVBL-11] Dry run - skipping remediation
2026-02-09 20:13:05 | INFO     | CIA-Guardian | [AVBL-12] Starting audit: Windows Defender Service
2026-02-09 20:13:05 | DEBUG    | CIA-Guardian | [AVBL-11] Completed: Non-Compliant
2026-02-09 20:13:05 | DEBUG    | CIA-Guardian | Executing CMD: sc query WinDefend
2026-02-09 20:13:05 | INFO     | CIA-Guardian | [AVBL-12] Already compliant
2026-02-09 20:13:05 | INFO     | CIA-Guardian | [AVBL-13] Starting audit: BITS Service
2026-02-09 20:13:05 | DEBUG    | CIA-Guardian | Executing CMD: sc query BITS
2026-02-09 20:13:05 | DEBUG    | CIA-Guardian | [AVBL-12] Completed: Compliant
2026-02-09 20:13:05 | INFO     | CIA-Guardian | [INTG-18] Already compliant
2026-02-09 20:13:05 | INFO     | CIA-Guardian | [AVBL-14] Starting audit: Event Log Service
2026-02-09 20:13:05 | DEBUG    | CIA-Guardian | Executing CMD: sc query EventLog
2026-02-09 20:13:05 | DEBUG    | CIA-Guardian | [INTG-18] Completed: Compliant
2026-02-09 20:13:05 | INFO     | CIA-Guardian | [AVBL-13] Dry run - skipping remediation
2026-02-09 20:13:05 | INFO     | CIA-Guardian | [AVBL-15] Starting audit: Crash Dump Configuration
2026-02-09 20:13:05 | DEBUG    | CIA-Guardian | Executing CMD: reg query "HKLM\SYSTEM\CurrentControlSet\Control\CrashControl" /v "CrashDumpEnabled"
2026-02-09 20:13:05 | DEBUG    | CIA-Guardian | [AVBL-13] Completed: Non-Compliant
2026-02-09 20:13:06 | INFO     | CIA-Guardian | [AVBL-14] Already compliant
2026-02-09 20:13:06 | INFO     | CIA-Guardian | [AVBL-16] Starting audit: Auto Restart Sign-on Disabled
2026-02-09 20:13:06 | DEBUG    | CIA-Guardian | Executing CMD: reg query "HKLM\SOFTWARE\Microsoft\Windows\CurrentVersion\Policies\System" /v "DisableAutomaticRestartSignOn"
2026-02-09 20:13:06 | DEBUG    | CIA-Guardian | [AVBL-14] Completed: Compliant
2026-02-09 20:13:06 | INFO     | CIA-Guardian | [AVBL-15] Already compliant
2026-02-09 20:13:06 | INFO     | CIA-Guardian | [AVBL-17] Starting audit: Screen Saver Timeout
2026-02-09 20:13:06 | DEBUG    | CIA-Guardian | [AVBL-15] Completed: Compliant
2026-02-09 20:13:06 | DEBUG    | CIA-Guardian | Executing CMD: reg query "HKCU\Control Panel\Desktop" /v "ScreenSaveTimeOut"
2026-02-09 20:13:06 | INFO     | CIA-Guardian | [AVBL-16] Dry run - skipping remediation
2026-02-09 20:13:06 | INFO     | CIA-Guardian | [NETW-01] Starting audit: NetBIOS over TCP/IP Disabled
2026-02-09 20:13:06 | DEBUG    | CIA-Guardian | [AVBL-16] Completed: Non-Compliant
2026-02-09 20:13:06 | DEBUG    | CIA-Guardian | Executing PowerShell: Get-WmiObject Win32_NetworkAdapterConfiguration | Where-Object { $_.IPEnabled -eq $true } | Select-Object -ExpandProperty TcpipNetbiosOptions
2026-02-09 20:13:06 | INFO     | CIA-Guardian | pwsh not found, falling back to powershell
2026-02-09 20:13:06 | DEBUG    | CIA-Guardian | Executing PowerShell: Get-WmiObject Win32_NetworkAdapterConfiguration | Where-Object { $_.IPEnabled -eq $true } | Select-Object -ExpandProperty TcpipNetbiosOptions
2026-02-09 20:13:07 | DEBUG    | CIA-Guardian | Executing CMD: reg query "HKCU\Control Panel\Desktop" /v "ScreenSaveActive"
2026-02-09 20:13:07 | INFO     | CIA-Guardian | [AVBL-04] Dry run - skipping remediation
2026-02-09 20:13:07 | INFO     | CIA-Guardian | [NETW-02] Starting audit: LLMNR Disabled
2026-02-09 20:13:07 | DEBUG    | CIA-Guardian | [AVBL-04] Completed: Non-Compliant
2026-02-09 20:13:07 | DEBUG    | CIA-Guardian | Executing CMD: reg query "HKLM\SOFTWARE\Policies\Microsoft\Windows NT\DNSClient" /v "EnableMulticast"
2026-02-09 20:13:07 | INFO     | CIA-Guardian | [AVBL-17] Dry run - skipping remediation
2026-02-09 20:13:07 | INFO     | CIA-Guardian | [NETW-03] Starting audit: WPAD Disabled
2026-02-09 20:13:07 | DEBUG    | CIA-Guardian | [AVBL-17] Completed: Non-Compliant
2026-02-09 20:13:07 | DEBUG    | CIA-Guardian | Executing CMD: reg query "HKCU\Software\Microsoft\Windows\CurrentVersion\Internet Settings\Wpad" /v "WpadOverride"
2026-02-09 20:13:07 | INFO     | CIA-Guardian | [NETW-02] Dry run - skipping remediation
2026-02-09 20:13:07 | INFO     | CIA-Guardian | [NETW-04] Starting audit: IPv6 Disabled
2026-02-09 20:13:07 | DEBUG    | CIA-Guardian | [NETW-02] Completed: Non-Compliant
2026-02-09 20:13:07 | DEBUG    | CIA-Guardian | Executing CMD: reg query "HKLM\SYSTEM\CurrentControlSet\Services\Tcpip6\Parameters" /v "DisabledComponents"
2026-02-09 20:13:07 | INFO     | CIA-Guardian | [NETW-03] Dry run - skipping remediation
2026-02-09 20:13:07 | INFO     | CIA-Guardian | [NETW-05] Starting audit: Windows Firewall Logging
2026-02-09 20:13:07 | DEBUG    | CIA-Guardian | [NETW-03] Completed: Non-Compliant
2026-02-09 20:13:07 | DEBUG    | CIA-Guardian | Executing CMD: netsh advfirewall show allprofiles logging
2026-02-09 20:13:08 | INFO     | CIA-Guardian | [NETW-04] Dry run - skipping remediation
2026-02-09 20:13:08 | INFO     | CIA-Guardian | [NETW-06] Starting audit: Firewall Default Deny Inbound
2026-02-09 20:13:08 | DEBUG    | CIA-Guardian | Executing CMD: netsh advfirewall show allprofiles firewallpolicy
2026-02-09 20:13:08 | DEBUG    | CIA-Guardian | [NETW-04] Completed: Non-Compliant
2026-02-09 20:13:08 | INFO     | CIA-Guardian | [CONF-02] Already compliant
2026-02-09 20:13:08 | INFO     | CIA-Guardian | [NETW-07] Starting audit: WiFi Sense Disabled
2026-02-09 20:13:08 | DEBUG    | CIA-Guardian | [CONF-02] Completed: Compliant
2026-02-09 20:13:08 | DEBUG    | CIA-Guardian | Executing CMD: reg query "HKLM\SOFTWARE\Microsoft\WcmSvc\wifinetworkmanager\config" /v "AutoConnectAllowedOEM"
2026-02-09 20:13:08 | INFO     | CIA-Guardian | [NETW-05] Dry run - skipping remediation
2026-02-09 20:13:08 | INFO     | CIA-Guardian | [NETW-08] Starting audit: Hotspot 2.0 Disabled
2026-02-09 20:13:08 | DEBUG    | CIA-Guardian | [NETW-05] Completed: Non-Compliant
2026-02-09 20:13:08 | DEBUG    | CIA-Guardian | Executing CMD: reg query "HKLM\SOFTWARE\Microsoft\WlanSvc\AnqpCache" /v "OsuRegistrationStatus"
2026-02-09 20:13:08 | INFO     | CIA-Guardian | [NETW-07] Dry run - skipping remediation
2026-02-09 20:13:08 | INFO     | CIA-Guardian | [NETW-09] Starting audit: Network Discovery Disabled
2026-02-09 20:13:08 | DEBUG    | CIA-Guardian | [NETW-07] Completed: Non-Compliant
2026-02-09 20:13:08 | DEBUG    | CIA-Guardian | Executing CMD: netsh advfirewall firewall show rule name="Network Discovery (LLMNR-UDP-In)"
2026-02-09 20:13:09 | INFO     | CIA-Guardian | [NETW-06] Already compliant
2026-02-09 20:13:09 | INFO     | CIA-Guardian | [NETW-10] Starting audit: File and Printer Sharing Disabled
2026-02-09 20:13:09 | DEBUG    | CIA-Guardian | [NETW-06] Completed: Compliant
2026-02-09 20:13:09 | DEBUG    | CIA-Guardian | Executing CMD: netsh advfirewall firewall show rule name="File and Printer Sharing (SMB-In)"
2026-02-09 20:13:09 | INFO     | CIA-Guardian | [NETW-08] Dry run - skipping remediation
2026-02-09 20:13:09 | INFO     | CIA-Guardian | [NETW-11] Starting audit: ICMP Redirect Disabled
2026-02-09 20:13:09 | DEBUG    | CIA-Guardian | [NETW-08] Completed: Non-Compliant
2026-02-09 20:13:09 | DEBUG    | CIA-Guardian | Executing CMD: reg query "HKLM\SYSTEM\CurrentControlSet\Services\Tcpip\Parameters" /v "EnableICMPRedirect"
2026-02-09 20:13:10 | INFO     | CIA-Guardian | [NETW-11] Dry run - skipping remediation
2026-02-09 20:13:10 | INFO     | CIA-Guardian | [NETW-12] Starting audit: Source Routing Disabled
2026-02-09 20:13:10 | DEBUG    | CIA-Guardian | [NETW-11] Completed: Non-Compliant
2026-02-09 20:13:10 | DEBUG    | CIA-Guardian | Executing CMD: reg query "HKLM\SYSTEM\CurrentControlSet\Services\Tcpip\Parameters" /v "DisableIPSourceRouting"
2026-02-09 20:13:10 | INFO     | CIA-Guardian | [INTG-07] Dry run - skipping remediation
2026-02-09 20:13:10 | INFO     | CIA-Guardian | [APPS-01] Starting audit: Office Macro Disabled
2026-02-09 20:13:10 | DEBUG    | CIA-Guardian | [INTG-07] Completed: Non-Compliant
2026-02-09 20:13:10 | DEBUG    | CIA-Guardian | Executing CMD: reg query "HKLM\SOFTWARE\Microsoft\Office\16.0\Common\InstallRoot" /v "Path"
2026-02-09 20:13:10 | INFO     | CIA-Guardian | [AVBL-09] Dry run - skipping remediation
2026-02-09 20:13:10 | INFO     | CIA-Guardian | [APPS-02] Starting audit: Office OLE Disabled
2026-02-09 20:13:10 | DEBUG    | CIA-Guardian | Executing CMD: reg query "HKLM\SOFTWARE\Microsoft\Office\16.0\Common\InstallRoot" /v "Path"
2026-02-09 20:13:10 | DEBUG    | CIA-Guardian | [AVBL-09] Completed: Non-Compliant
2026-02-09 20:13:10 | INFO     | CIA-Guardian | [AVBL-10] Already compliant
2026-02-09 20:13:10 | INFO     | CIA-Guardian | [APPS-03] Starting audit: Adobe Reader Protected Mode
2026-02-09 20:13:10 | DEBUG    | CIA-Guardian | [AVBL-10] Completed: Compliant
2026-02-09 20:13:10 | DEBUG    | CIA-Guardian | Executing CMD: reg query "HKLM\SOFTWARE\Adobe\Acrobat Reader"
2026-02-09 20:13:10 | INFO     | CIA-Guardian | [NETW-12] Dry run - skipping remediation
2026-02-09 20:13:10 | INFO     | CIA-Guardian | [APPS-04] Starting audit: Browser Extensions Audit
2026-02-09 20:13:10 | DEBUG    | CIA-Guardian | Executing PowerShell: 
                $userProfile = $env:USERPROFILE
                $chromePath = "$userProfile\AppData\Local\Google\Chrome\User Data\Default\Extensions"
                if (Test-Path $chromePath) {
                    $extensions = Get-ChildItem -Path $chromePath -Directory | Select-Object -ExpandProperty Name
                    Write-Output "Chrome Extensions: $($extensions.Count)"
                    $extensions | ForEach-Object { Write-Output "  $_" }
                } else {
                    Write-Output "Chrome: Not installed or no extensions"
                }
                
2026-02-09 20:13:10 | DEBUG    | CIA-Guardian | [NETW-12] Completed: Non-Compliant
2026-02-09 20:13:10 | DEBUG    | CIA-Guardian | Executing CMD: reg query "HKCU\SOFTWARE\Microsoft\Office\16.0\Word\Security" /v "VBAWarnings"
2026-02-09 20:13:11 | INFO     | CIA-Guardian | [NETW-09] Dry run - skipping remediation
2026-02-09 20:13:11 | INFO     | CIA-Guardian | [APPS-05] Starting audit: Java Browser Plugin Disabled
2026-02-09 20:13:11 | DEBUG    | CIA-Guardian | Executing CMD: reg query "HKLM\SOFTWARE\JavaSoft\Java Runtime Environment"
2026-02-09 20:13:11 | DEBUG    | CIA-Guardian | [NETW-09] Completed: Non-Compliant
2026-02-09 20:13:11 | INFO     | CIA-Guardian | pwsh not found, falling back to powershell
2026-02-09 20:13:11 | DEBUG    | CIA-Guardian | Executing PowerShell: 
                $userProfile = $env:USERPROFILE
                $chromePath = "$userProfile\AppData\Local\Google\Chrome\User Data\Default\Extensions"
                if (Test-Path $chromePath) {
                    $extensions = Get-ChildItem -Path $chromePath -Directory | Select-Object -ExpandProperty Name
                    Write-Output "Chrome Extensions: $($extensions.Count)"
                    $extensions | ForEach-Object { Write-Output "  $_" }
                } else {
                    Write-Output "Chrome: Not installed or no extensions"
                }
                
2026-02-09 20:13:11 | DEBUG    | CIA-Guardian | Executing CMD: reg query "HKLM\SOFTWARE\WOW6432Node\Adobe\Acrobat Reader"
2026-02-09 20:13:11 | INFO     | CIA-Guardian | [NETW-10] Already compliant
2026-02-09 20:13:11 | INFO     | CIA-Guardian | [APPS-06] Starting audit: Flash Player Disabled
2026-02-09 20:13:11 | DEBUG    | CIA-Guardian | [NETW-10] Completed: Compliant
2026-02-09 20:13:11 | DEBUG    | CIA-Guardian | Executing CMD: reg query "HKLM\SOFTWARE\Macromedia\FlashPlayer"
2026-02-09 20:13:12 | DEBUG    | CIA-Guardian | Executing CMD: reg query "HKLM\SOFTWARE\WOW6432Node\JavaSoft\Java Runtime Environment"
2026-02-09 20:13:12 | DEBUG    | CIA-Guardian | Executing CMD: reg query "HKCU\SOFTWARE\Microsoft\Office\16.0\Excel\Security" /v "VBAWarnings"
2026-02-09 20:13:12 | DEBUG    | CIA-Guardian | Executing CMD: reg query "HKCU\SOFTWARE\Microsoft\Office\16.0\Word\Security" /v "PackagerPrompt"
2026-02-09 20:13:12 | DEBUG    | CIA-Guardian | Executing CMD: reg query "HKLM\SOFTWARE\WOW6432Node\Macromedia\FlashPlayer"
2026-02-09 20:13:13 | INFO     | CIA-Guardian | [APPS-03] Dry run - skipping remediation
2026-02-09 20:13:13 | INFO     | CIA-Guardian | [APPS-07] Starting audit: .NET Strong Cryptography
2026-02-09 20:13:13 | DEBUG    | CIA-Guardian | [APPS-03] Completed: N/A
2026-02-09 20:13:13 | DEBUG    | CIA-Guardian | Executing CMD: reg query "HKLM\SOFTWARE\Microsoft\.NETFramework\v4.0.30319" /v "SchUseStrongCrypto"
2026-02-09 20:13:13 | INFO     | CIA-Guardian | [APPS-05] Already compliant
2026-02-09 20:13:13 | INFO     | CIA-Guardian | [APPS-08] Starting audit: TLS 1.0/1.1 Disabled
2026-02-09 20:13:13 | DEBUG    | CIA-Guardian | [APPS-05] Completed: Compliant
2026-02-09 20:13:13 | DEBUG    | CIA-Guardian | Executing CMD: reg query "HKLM\SYSTEM\CurrentControlSet\Control\SecurityProviders\SCHANNEL\Protocols\TLS 1.0\Client" /v "Enabled"
2026-02-09 20:13:13 | DEBUG    | CIA-Guardian | Executing CMD: reg query "HKCU\SOFTWARE\Microsoft\Office\16.0\PowerPoint\Security" /v "VBAWarnings"
2026-02-09 20:13:13 | DEBUG    | CIA-Guardian | Executing CMD: reg query "HKCU\SOFTWARE\Microsoft\Office\16.0\Excel\Security" /v "PackagerPrompt"
2026-02-09 20:13:13 | DEBUG    | CIA-Guardian | Executing CMD: reg query "HKLM\SOFTWARE\Adobe\FlashPlayer"
2026-02-09 20:13:14 | DEBUG    | CIA-Guardian | Executing CMD: reg query "HKLM\SOFTWARE\WOW6432Node\Microsoft\.NETFramework\v4.0.30319" /v "SchUseStrongCrypto"
2026-02-09 20:13:14 | DEBUG    | CIA-Guardian | Executing CMD: reg query "HKLM\SYSTEM\CurrentControlSet\Control\SecurityProviders\SCHANNEL\Protocols\TLS 1.0\Server" /v "Enabled"
2026-02-09 20:13:14 | INFO     | CIA-Guardian | [APPS-01] Dry run - skipping remediation
2026-02-09 20:13:14 | INFO     | CIA-Guardian | [APPS-09] Starting audit: SSL 2.0/3.0 Disabled
2026-02-09 20:13:14 | DEBUG    | CIA-Guardian | [APPS-01] Completed: Non-Compliant
2026-02-09 20:13:14 | DEBUG    | CIA-Guardian | Executing CMD: reg query "HKLM\SYSTEM\CurrentControlSet\Control\SecurityProviders\SCHANNEL\Protocols\SSL 2.0\Client" /v "Enabled"
2026-02-09 20:13:15 | DEBUG    | CIA-Guardian | Executing CMD: reg query "HKLM\SOFTWARE\Microsoft\Windows\CurrentVersion\Uninstall\Adobe Flash Player"
2026-02-09 20:13:15 | DEBUG    | CIA-Guardian | Executing CMD: reg query "HKLM\SOFTWARE\Microsoft\.NETFramework\v4.0.30319" /v "SystemDefaultTlsVersions"
2026-02-09 20:13:15 | DEBUG    | CIA-Guardian | Executing CMD: reg query "HKCU\SOFTWARE\Microsoft\Office\16.0\PowerPoint\Security" /v "PackagerPrompt"
2026-02-09 20:13:15 | DEBUG    | CIA-Guardian | Executing CMD: reg query "HKLM\SYSTEM\CurrentControlSet\Control\SecurityProviders\SCHANNEL\Protocols\TLS 1.1\Client" /v "Enabled"
2026-02-09 20:13:15 | DEBUG    | CIA-Guardian | Executing CMD: reg query "HKLM\SYSTEM\CurrentControlSet\Control\SecurityProviders\SCHANNEL\Protocols\SSL 2.0\Server" /v "Enabled"
2026-02-09 20:13:15 | INFO     | CIA-Guardian | [APPS-02] Dry run - skipping remediation
2026-02-09 20:13:15 | INFO     | CIA-Guardian | [APPS-10] Starting audit: Certificate Padding Check
2026-02-09 20:13:15 | DEBUG    | CIA-Guardian | [APPS-02] Completed: Non-Compliant
2026-02-09 20:13:15 | DEBUG    | CIA-Guardian | Executing CMD: reg query "HKLM\SOFTWARE\Microsoft\Cryptography\Wintrust\Config" /v "EnableCertPaddingCheck"
2026-02-09 20:13:15 | DEBUG    | CIA-Guardian | Executing PowerShell: Test-Path "$env:SYSTEMROOT\System32\Macromed\Flash\Flash*.ocx"
2026-02-09 20:13:15 | INFO     | CIA-Guardian | pwsh not found, falling back to powershell
2026-02-09 20:13:15 | DEBUG    | CIA-Guardian | Executing PowerShell: Test-Path "$env:SYSTEMROOT\System32\Macromed\Flash\Flash*.ocx"
2026-02-09 20:13:15 | DEBUG    | CIA-Guardian | Executing CMD: reg query "HKLM\SYSTEM\CurrentControlSet\Control\SecurityProviders\SCHANNEL\Protocols\TLS 1.1\Server" /v "Enabled"
2026-02-09 20:13:15 | DEBUG    | CIA-Guardian | Executing CMD: reg query "HKLM\SOFTWARE\WOW6432Node\Microsoft\.NETFramework\v4.0.30319" /v "SystemDefaultTlsVersions"
2026-02-09 20:13:16 | INFO     | CIA-Guardian | [NETW-01] Dry run - skipping remediation
2026-02-09 20:13:16 | INFO     | CIA-Guardian | [SRVC-01] Starting audit: Print Spooler Disabled
2026-02-09 20:13:16 | DEBUG    | CIA-Guardian | [NETW-01] Completed: Non-Compliant
2026-02-09 20:13:16 | DEBUG    | CIA-Guardian | Executing CMD: sc query Spooler
2026-02-09 20:13:16 | DEBUG    | CIA-Guardian | Executing CMD: reg query "HKLM\SYSTEM\CurrentControlSet\Control\SecurityProviders\SCHANNEL\Protocols\SSL 3.0\Client" /v "Enabled"
2026-02-09 20:13:16 | INFO     | CIA-Guardian | [AVBL-08] Dry run - skipping remediation
2026-02-09 20:13:16 | INFO     | CIA-Guardian | [SRVC-02] Starting audit: SSDP Discovery Disabled
2026-02-09 20:13:16 | DEBUG    | CIA-Guardian | [AVBL-08] Completed: Non-Compliant
2026-02-09 20:13:16 | DEBUG    | CIA-Guardian | Executing CMD: sc query SSDPSRV
2026-02-09 20:13:16 | INFO     | CIA-Guardian | [APPS-10] Dry run - skipping remediation
2026-02-09 20:13:16 | INFO     | CIA-Guardian | [SRVC-03] Starting audit: UPnP Host Disabled
2026-02-09 20:13:16 | DEBUG    | CIA-Guardian | [APPS-10] Completed: Non-Compliant
2026-02-09 20:13:16 | DEBUG    | CIA-Guardian | Executing CMD: sc query upnphost
2026-02-09 20:13:17 | INFO     | CIA-Guardian | [APPS-08] Dry run - skipping remediation
2026-02-09 20:13:17 | INFO     | CIA-Guardian | [SRVC-04] Starting audit: Remote Desktop Services Disabled
2026-02-09 20:13:17 | DEBUG    | CIA-Guardian | Executing CMD: reg query "HKLM\SYSTEM\CurrentControlSet\Control\Terminal Server" /v "fDenyTSConnections"
2026-02-09 20:13:17 | DEBUG    | CIA-Guardian | [APPS-08] Completed: Non-Compliant
2026-02-09 20:13:17 | INFO     | CIA-Guardian | [SRVC-01] Already compliant
2026-02-09 20:13:17 | INFO     | CIA-Guardian | [SRVC-05] Starting audit: Telnet Client Disabled
2026-02-09 20:13:17 | DEBUG    | CIA-Guardian | [SRVC-01] Completed: Compliant
2026-02-09 20:13:17 | DEBUG    | CIA-Guardian | Executing PowerShell: Get-WindowsOptionalFeature -Online -FeatureName TelnetClient | Select-Object -ExpandProperty State
2026-02-09 20:13:17 | INFO     | CIA-Guardian | pwsh not found, falling back to powershell
2026-02-09 20:13:17 | DEBUG    | CIA-Guardian | Executing PowerShell: Get-WindowsOptionalFeature -Online -FeatureName TelnetClient | Select-Object -ExpandProperty State
2026-02-09 20:13:17 | DEBUG    | CIA-Guardian | Executing CMD: reg query "HKLM\SYSTEM\CurrentControlSet\Control\SecurityProviders\SCHANNEL\Protocols\SSL 3.0\Server" /v "Enabled"
2026-02-09 20:13:17 | INFO     | CIA-Guardian | [APPS-07] Dry run - skipping remediation
2026-02-09 20:13:17 | INFO     | CIA-Guardian | [SRVC-06] Starting audit: TFTP Client Disabled
2026-02-09 20:13:17 | DEBUG    | CIA-Guardian | [APPS-07] Completed: Non-Compliant
2026-02-09 20:13:17 | DEBUG    | CIA-Guardian | Executing PowerShell: Get-WindowsOptionalFeature -Online -FeatureName TFTP | Select-Object -ExpandProperty State
2026-02-09 20:13:17 | INFO     | CIA-Guardian | pwsh not found, falling back to powershell
2026-02-09 20:13:17 | DEBUG    | CIA-Guardian | Executing PowerShell: Get-WindowsOptionalFeature -Online -FeatureName TFTP | Select-Object -ExpandProperty State
2026-02-09 20:13:17 | INFO     | CIA-Guardian | [SRVC-02] Dry run - skipping remediation
2026-02-09 20:13:17 | INFO     | CIA-Guardian | [SRVC-07] Starting audit: WMP Network Sharing Disabled
2026-02-09 20:13:17 | DEBUG    | CIA-Guardian | Executing CMD: sc query WMPNetworkSvc
2026-02-09 20:13:17 | DEBUG    | CIA-Guardian | [SRVC-02] Completed: Non-Compliant
2026-02-09 20:13:17 | INFO     | CIA-Guardian | [SRVC-03] Already compliant
2026-02-09 20:13:17 | INFO     | CIA-Guardian | [SRVC-08] Starting audit: Xbox Services Disabled
2026-02-09 20:13:17 | DEBUG    | CIA-Guardian | Executing CMD: sc query XblAuthManager
2026-02-09 20:13:17 | DEBUG    | CIA-Guardian | [SRVC-03] Completed: Compliant
2026-02-09 20:13:18 | INFO     | CIA-Guardian | [APPS-09] Dry run - skipping remediation
2026-02-09 20:13:18 | INFO     | CIA-Guardian | [SRVC-09] Starting audit: Fax Service Disabled
2026-02-09 20:13:18 | DEBUG    | CIA-Guardian | Executing CMD: sc query Fax
2026-02-09 20:13:18 | DEBUG    | CIA-Guardian | [APPS-09] Completed: Non-Compliant
2026-02-09 20:13:18 | INFO     | CIA-Guardian | [SRVC-07] Already compliant
2026-02-09 20:13:18 | INFO     | CIA-Guardian | [SRVC-10] Starting audit: Bluetooth Support Disabled
2026-02-09 20:13:18 | DEBUG    | CIA-Guardian | Executing PowerShell: Get-PnpDevice -Class Bluetooth -ErrorAction SilentlyContinue | Measure-Object | Select-Object -ExpandProperty Count
2026-02-09 20:13:18 | DEBUG    | CIA-Guardian | [SRVC-07] Completed: Compliant
2026-02-09 20:13:18 | INFO     | CIA-Guardian | pwsh not found, falling back to powershell
2026-02-09 20:13:18 | DEBUG    | CIA-Guardian | Executing PowerShell: Get-PnpDevice -Class Bluetooth -ErrorAction SilentlyContinue | Measure-Object | Select-Object -ExpandProperty Count
2026-02-09 20:13:19 | DEBUG    | CIA-Guardian | Executing CMD: sc query XblGameSave
2026-02-09 20:13:19 | DEBUG    | CIA-Guardian | Executing CMD: sc query TermService
2026-02-09 20:13:20 | INFO     | CIA-Guardian | [SRVC-09] Already compliant
2026-02-09 20:13:20 | DEBUG    | CIA-Guardian | [SRVC-09] Completed: Compliant
2026-02-09 20:13:21 | DEBUG    | CIA-Guardian | Executing CMD: sc query XboxNetApiSvc
2026-02-09 20:13:21 | DEBUG    | CIA-Guardian | Executing PowerShell: 
                $userProfile = $env:USERPROFILE
                $edgePath = "$userProfile\AppData\Local\Microsoft\Edge\User Data\Default\Extensions"
                if (Test-Path $edgePath) {
                    $extensions = Get-ChildItem -Path $edgePath -Directory | Select-Object -ExpandProperty Name
                    Write-Output "Edge Extensions: $($extensions.Count)"
                    $extensions | ForEach-Object { Write-Output "  $_" }
                } else {
                    Write-Output "Edge: Not installed or no extensions"
                }
                
2026-02-09 20:13:22 | INFO     | CIA-Guardian | [SRVC-04] Dry run - skipping remediation
2026-02-09 20:13:22 | DEBUG    | CIA-Guardian | [SRVC-04] Completed: Non-Compliant
2026-02-09 20:13:22 | INFO     | CIA-Guardian | pwsh not found, falling back to powershell
2026-02-09 20:13:22 | DEBUG    | CIA-Guardian | Executing PowerShell: 
                $userProfile = $env:USERPROFILE
                $edgePath = "$userProfile\AppData\Local\Microsoft\Edge\User Data\Default\Extensions"
                if (Test-Path $edgePath) {
                    $extensions = Get-ChildItem -Path $edgePath -Directory | Select-Object -ExpandProperty Name
                    Write-Output "Edge Extensions: $($extensions.Count)"
                    $extensions | ForEach-Object { Write-Output "  $_" }
                } else {
                    Write-Output "Edge: Not installed or no extensions"
                }
                
2026-02-09 20:13:25 | INFO     | CIA-Guardian | [APPS-06] Already compliant
2026-02-09 20:13:25 | DEBUG    | CIA-Guardian | [APPS-06] Completed: Compliant
2026-02-09 20:13:25 | DEBUG    | CIA-Guardian | Executing CMD: sc query XboxGipSvc
2026-02-09 20:13:27 | INFO     | CIA-Guardian | [SRVC-08] Already compliant
2026-02-09 20:13:27 | DEBUG    | CIA-Guardian | [SRVC-08] Completed: Compliant
2026-02-09 20:13:30 | DEBUG    | CIA-Guardian | Executing CMD: dism /online /get-featureinfo /featurename:TelnetClient
2026-02-09 20:13:30 | DEBUG    | CIA-Guardian | Executing CMD: dism /online /get-featureinfo /featurename:TFTP
2026-02-09 20:13:31 | INFO     | CIA-Guardian | [SRVC-06] Already compliant
2026-02-09 20:13:31 | DEBUG    | CIA-Guardian | [SRVC-06] Completed: Compliant
2026-02-09 20:13:31 | INFO     | CIA-Guardian | [SRVC-05] Already compliant
2026-02-09 20:13:31 | DEBUG    | CIA-Guardian | [SRVC-05] Completed: Compliant
2026-02-09 20:13:32 | DEBUG    | CIA-Guardian | Executing CMD: sc query bthserv
2026-02-09 20:13:32 | INFO     | CIA-Guardian | [APPS-04] Dry run - skipping remediation
2026-02-09 20:13:32 | DEBUG    | CIA-Guardian | [APPS-04] Completed: Non-Compliant
2026-02-09 20:13:32 | INFO     | CIA-Guardian | [SRVC-10] Already compliant
2026-02-09 20:13:32 | DEBUG    | CIA-Guardian | [SRVC-10] Completed: Compliant
2026-02-09 20:13:32 | INFO     | CIA-Guardian | Waiting for SFC background task...
2026-02-09 20:13:32 | INFO     | CIA-Guardian | SFC completed with status: Error
2026-02-09 20:13:32 | INFO     | CIA-Guardian | Parallel execution completed in 54.6s
